Command line invocation:
    /Applications/Xcode.app/Contents/Developer/usr/bin/xcodebuild build -project NEXUSStudyPad.xcodeproj -scheme NEXUSStudyPad -configuration Debug -destination platform=iOS,id=00008120-000A42EE11200032 -derivedDataPath .build/PhysicaliPad

ComputePackagePrebuildTargetDependencyGraph

Prepare packages

CreateBuildRequest

SendProjectDescription

CreateBuildOperation

ComputeTargetDependencyGraph
note: Building targets in dependency order
note: Target dependency graph (1 target)
    Target 'NEXUSStudyPad' in project 'NEXUSStudyPad' (no dependencies)

GatherProvisioningInputs

CreateBuildDescription

ExecuteExternalTool /Applications/Xcode.app/Contents/Developer/Toolchains/XcodeDefault.xctoolchain/usr/bin/clang -v -E -dM -isysroot /Applications/Xcode.app/Contents/Developer/Platforms/iPhoneOS.platform/Developer/SDKs/iPhoneOS26.5.sdk -x c -c /dev/null

ExecuteExternalTool /Applications/Xcode.app/Contents/Developer/usr/bin/xcstringstool compile --dry-run --output-directory /Users/mecid/Desktop/OKUL /projeler/NEXUS/NEXUSStudyPad/.build/PhysicaliPad/Build/Intermediates.noindex/NEXUSStudyPad.build/Debug-iphoneos/NEXUSStudyPad.build /Users/mecid/Desktop/OKUL /projeler/NEXUS/NEXUSStudyPad/NEXUSStudyPad/Resources/Localizable.xcstrings

ExecuteExternalTool /Applications/Xcode.app/Contents/Developer/usr/bin/actool --print-asset-tag-combinations --output-format xml1 /Users/mecid/Desktop/OKUL /projeler/NEXUS/NEXUSStudyPad/NEXUSStudyPad/Resources/Assets.xcassets

ExecuteExternalTool /Applications/Xcode.app/Contents/Developer/usr/bin/actool --version --output-format xml1

ExecuteExternalTool /Applications/Xcode.app/Contents/Developer/Toolchains/XcodeDefault.xctoolchain/usr/bin/swiftc --version

ExecuteExternalTool /Applications/Xcode.app/Contents/Developer/Toolchains/XcodeDefault.xctoolchain/usr/bin/ld -version_details

Build description signature: aeb69e8a3ef86bab1222943f04b322f6
Build description path: /Users/mecid/Desktop/OKUL /projeler/NEXUS/NEXUSStudyPad/.build/PhysicaliPad/Build/Intermediates.noindex/XCBuildData/aeb69e8a3ef86bab1222943f04b322f6.xcbuilddata
CreateBuildDirectory /Users/mecid/Desktop/OKUL\ /projeler/NEXUS/NEXUSStudyPad/.build/PhysicaliPad/Build/Products
    cd /Users/mecid/Desktop/OKUL\ /projeler/NEXUS/NEXUSStudyPad/NEXUSStudyPad.xcodeproj
    builtin-create-build-directory /Users/mecid/Desktop/OKUL\ /projeler/NEXUS/NEXUSStudyPad/.build/PhysicaliPad/Build/Products

CreateBuildDirectory /Users/mecid/Desktop/OKUL\ /projeler/NEXUS/NEXUSStudyPad/.build/PhysicaliPad/Build/Intermediates.noindex
    cd /Users/mecid/Desktop/OKUL\ /projeler/NEXUS/NEXUSStudyPad/NEXUSStudyPad.xcodeproj
    builtin-create-build-directory /Users/mecid/Desktop/OKUL\ /projeler/NEXUS/NEXUSStudyPad/.build/PhysicaliPad/Build/Intermediates.noindex

ClangStatCache /Applications/Xcode.app/Contents/Developer/Toolchains/XcodeDefault.xctoolchain/usr/bin/clang-stat-cache /Applications/Xcode.app/Contents/Developer/Platforms/iPhoneOS.platform/Developer/SDKs/iPhoneOS26.5.sdk /Users/mecid/Desktop/OKUL\ /projeler/NEXUS/NEXUSStudyPad/.build/PhysicaliPad/SDKStatCaches.noindex/iphoneos26.5-23F81a-32daed1954a7d5dd0789fcaf2a9bb78b.sdkstatcache
    cd /Users/mecid/Desktop/OKUL\ /projeler/NEXUS/NEXUSStudyPad/NEXUSStudyPad.xcodeproj
    /Applications/Xcode.app/Contents/Developer/Toolchains/XcodeDefault.xctoolchain/usr/bin/clang-stat-cache /Applications/Xcode.app/Contents/Developer/Platforms/iPhoneOS.platform/Developer/SDKs/iPhoneOS26.5.sdk -o /Users/mecid/Desktop/OKUL\ /projeler/NEXUS/NEXUSStudyPad/.build/PhysicaliPad/SDKStatCaches.noindex/iphoneos26.5-23F81a-32daed1954a7d5dd0789fcaf2a9bb78b.sdkstatcache

CreateBuildDirectory /Users/mecid/Desktop/OKUL\ /projeler/NEXUS/NEXUSStudyPad/.build/PhysicaliPad/Build/Intermediates.noindex/ExplicitPrecompiledModules
    cd /Users/mecid/Desktop/OKUL\ /projeler/NEXUS/NEXUSStudyPad/NEXUSStudyPad.xcodeproj
    builtin-create-build-directory /Users/mecid/Desktop/OKUL\ /projeler/NEXUS/NEXUSStudyPad/.build/PhysicaliPad/Build/Intermediates.noindex/ExplicitPrecompiledModules

CreateBuildDirectory /Users/mecid/Desktop/OKUL\ /projeler/NEXUS/NEXUSStudyPad/.build/PhysicaliPad/Build/Intermediates.noindex/SwiftExplicitPrecompiledModules
    cd /Users/mecid/Desktop/OKUL\ /projeler/NEXUS/NEXUSStudyPad/NEXUSStudyPad.xcodeproj
    builtin-create-build-directory /Users/mecid/Desktop/OKUL\ /projeler/NEXUS/NEXUSStudyPad/.build/PhysicaliPad/Build/Intermediates.noindex/SwiftExplicitPrecompiledModules

CreateBuildDirectory /Users/mecid/Desktop/OKUL\ /projeler/NEXUS/NEXUSStudyPad/.build/PhysicaliPad/Build/Products/Debug-iphoneos
    cd /Users/mecid/Desktop/OKUL\ /projeler/NEXUS/NEXUSStudyPad/NEXUSStudyPad.xcodeproj
    builtin-create-build-directory /Users/mecid/Desktop/OKUL\ /projeler/NEXUS/NEXUSStudyPad/.build/PhysicaliPad/Build/Products/Debug-iphoneos

CreateBuildDirectory /Users/mecid/Desktop/OKUL\ /projeler/NEXUS/NEXUSStudyPad/.build/PhysicaliPad/Build/Intermediates.noindex/EagerLinkingTBDs/Debug-iphoneos
    cd /Users/mecid/Desktop/OKUL\ /projeler/NEXUS/NEXUSStudyPad/NEXUSStudyPad.xcodeproj
    builtin-create-build-directory /Users/mecid/Desktop/OKUL\ /projeler/NEXUS/NEXUSStudyPad/.build/PhysicaliPad/Build/Intermediates.noindex/EagerLinkingTBDs/Debug-iphoneos

WriteAuxiliaryFile /Users/mecid/Desktop/OKUL\ /projeler/NEXUS/NEXUSStudyPad/.build/PhysicaliPad/Build/Intermediates.noindex/NEXUSStudyPad.build/Debug-iphoneos/NEXUSStudyPad-1461429eb36fd68e752e3d5e378957f1-VFS-iphoneos/all-product-headers.yaml
    cd /Users/mecid/Desktop/OKUL\ /projeler/NEXUS/NEXUSStudyPad/NEXUSStudyPad.xcodeproj
    write-file /Users/mecid/Desktop/OKUL\ /projeler/NEXUS/NEXUSStudyPad/.build/PhysicaliPad/Build/Intermediates.noindex/NEXUSStudyPad.build/Debug-iphoneos/NEXUSStudyPad-1461429eb36fd68e752e3d5e378957f1-VFS-iphoneos/all-product-headers.yaml

WriteAuxiliaryFile /Users/mecid/Desktop/OKUL\ /projeler/NEXUS/NEXUSStudyPad/.build/PhysicaliPad/Build/Intermediates.noindex/NEXUSStudyPad.build/Debug-iphoneos/NEXUSStudyPad.build/NEXUSStudyPad-generated-files.hmap (in target 'NEXUSStudyPad' from project 'NEXUSStudyPad')
    cd /Users/mecid/Desktop/OKUL\ /projeler/NEXUS/NEXUSStudyPad
    write-file /Users/mecid/Desktop/OKUL\ /projeler/NEXUS/NEXUSStudyPad/.build/PhysicaliPad/Build/Intermediates.noindex/NEXUSStudyPad.build/Debug-iphoneos/NEXUSStudyPad.build/NEXUSStudyPad-generated-files.hmap

WriteAuxiliaryFile /Users/mecid/Desktop/OKUL\ /projeler/NEXUS/NEXUSStudyPad/.build/PhysicaliPad/Build/Intermediates.noindex/NEXUSStudyPad.build/Debug-iphoneos/NEXUSStudyPad.build/NEXUSStudyPad.hmap (in target 'NEXUSStudyPad' from project 'NEXUSStudyPad')
    cd /Users/mecid/Desktop/OKUL\ /projeler/NEXUS/NEXUSStudyPad
    write-file /Users/mecid/Desktop/OKUL\ /projeler/NEXUS/NEXUSStudyPad/.build/PhysicaliPad/Build/Intermediates.noindex/NEXUSStudyPad.build/Debug-iphoneos/NEXUSStudyPad.build/NEXUSStudyPad.hmap

WriteAuxiliaryFile /Users/mecid/Desktop/OKUL\ /projeler/NEXUS/NEXUSStudyPad/.build/PhysicaliPad/Build/Intermediates.noindex/NEXUSStudyPad.build/Debug-iphoneos/NEXUSStudyPad.build/NEXUSStudyPad-all-target-headers.hmap (in target 'NEXUSStudyPad' from project 'NEXUSStudyPad')
    cd /Users/mecid/Desktop/OKUL\ /projeler/NEXUS/NEXUSStudyPad
    write-file /Users/mecid/Desktop/OKUL\ /projeler/NEXUS/NEXUSStudyPad/.build/PhysicaliPad/Build/Intermediates.noindex/NEXUSStudyPad.build/Debug-iphoneos/NEXUSStudyPad.build/NEXUSStudyPad-all-target-headers.hmap

WriteAuxiliaryFile /Users/mecid/Desktop/OKUL\ /projeler/NEXUS/NEXUSStudyPad/.build/PhysicaliPad/Build/Intermediates.noindex/NEXUSStudyPad.build/Debug-iphoneos/NEXUSStudyPad.build/NEXUSStudyPad-project-headers.hmap (in target 'NEXUSStudyPad' from project 'NEXUSStudyPad')
    cd /Users/mecid/Desktop/OKUL\ /projeler/NEXUS/NEXUSStudyPad
    write-file /Users/mecid/Desktop/OKUL\ /projeler/NEXUS/NEXUSStudyPad/.build/PhysicaliPad/Build/Intermediates.noindex/NEXUSStudyPad.build/Debug-iphoneos/NEXUSStudyPad.build/NEXUSStudyPad-project-headers.hmap

WriteAuxiliaryFile /Users/mecid/Desktop/OKUL\ /projeler/NEXUS/NEXUSStudyPad/.build/PhysicaliPad/Build/Intermediates.noindex/NEXUSStudyPad.build/Debug-iphoneos/NEXUSStudyPad.build/NEXUSStudyPad-own-target-headers.hmap (in target 'NEXUSStudyPad' from project 'NEXUSStudyPad')
    cd /Users/mecid/Desktop/OKUL\ /projeler/NEXUS/NEXUSStudyPad
    write-file /Users/mecid/Desktop/OKUL\ /projeler/NEXUS/NEXUSStudyPad/.build/PhysicaliPad/Build/Intermediates.noindex/NEXUSStudyPad.build/Debug-iphoneos/NEXUSStudyPad.build/NEXUSStudyPad-own-target-headers.hmap

WriteAuxiliaryFile /Users/mecid/Desktop/OKUL\ /projeler/NEXUS/NEXUSStudyPad/.build/PhysicaliPad/Build/Intermediates.noindex/NEXUSStudyPad.build/Debug-iphoneos/NEXUSStudyPad.build/empty-NEXUSStudyPad.plist (in target 'NEXUSStudyPad' from project 'NEXUSStudyPad')
    cd /Users/mecid/Desktop/OKUL\ /projeler/NEXUS/NEXUSStudyPad
    write-file /Users/mecid/Desktop/OKUL\ /projeler/NEXUS/NEXUSStudyPad/.build/PhysicaliPad/Build/Intermediates.noindex/NEXUSStudyPad.build/Debug-iphoneos/NEXUSStudyPad.build/empty-NEXUSStudyPad.plist

WriteAuxiliaryFile /Users/mecid/Desktop/OKUL\ /projeler/NEXUS/NEXUSStudyPad/.build/PhysicaliPad/Build/Intermediates.noindex/NEXUSStudyPad.build/Debug-iphoneos/NEXUSStudyPad.build/Objects-normal/arm64/NEXUSStudyPad-OutputFileMap.json (in target 'NEXUSStudyPad' from project 'NEXUSStudyPad')
    cd /Users/mecid/Desktop/OKUL\ /projeler/NEXUS/NEXUSStudyPad
    write-file /Users/mecid/Desktop/OKUL\ /projeler/NEXUS/NEXUSStudyPad/.build/PhysicaliPad/Build/Intermediates.noindex/NEXUSStudyPad.build/Debug-iphoneos/NEXUSStudyPad.build/Objects-normal/arm64/NEXUSStudyPad-OutputFileMap.json

WriteAuxiliaryFile /Users/mecid/Desktop/OKUL\ /projeler/NEXUS/NEXUSStudyPad/.build/PhysicaliPad/Build/Intermediates.noindex/NEXUSStudyPad.build/Debug-iphoneos/NEXUSStudyPad.build/Objects-normal/arm64/NEXUSStudyPad_const_extract_protocols.json (in target 'NEXUSStudyPad' from project 'NEXUSStudyPad')
    cd /Users/mecid/Desktop/OKUL\ /projeler/NEXUS/NEXUSStudyPad
    write-file /Users/mecid/Desktop/OKUL\ /projeler/NEXUS/NEXUSStudyPad/.build/PhysicaliPad/Build/Intermediates.noindex/NEXUSStudyPad.build/Debug-iphoneos/NEXUSStudyPad.build/Objects-normal/arm64/NEXUSStudyPad_const_extract_protocols.json

WriteAuxiliaryFile /Users/mecid/Desktop/OKUL\ /projeler/NEXUS/NEXUSStudyPad/.build/PhysicaliPad/Build/Intermediates.noindex/NEXUSStudyPad.build/Debug-iphoneos/NEXUSStudyPad.build/Objects-normal/arm64/NEXUSStudyPad.SwiftFileList (in target 'NEXUSStudyPad' from project 'NEXUSStudyPad')
    cd /Users/mecid/Desktop/OKUL\ /projeler/NEXUS/NEXUSStudyPad
    write-file /Users/mecid/Desktop/OKUL\ /projeler/NEXUS/NEXUSStudyPad/.build/PhysicaliPad/Build/Intermediates.noindex/NEXUSStudyPad.build/Debug-iphoneos/NEXUSStudyPad.build/Objects-normal/arm64/NEXUSStudyPad.SwiftFileList

WriteAuxiliaryFile /Users/mecid/Desktop/OKUL\ /projeler/NEXUS/NEXUSStudyPad/.build/PhysicaliPad/Build/Intermediates.noindex/NEXUSStudyPad.build/Debug-iphoneos/NEXUSStudyPad.build/Objects-normal/arm64/NEXUSStudyPad.SwiftConstValuesFileList (in target 'NEXUSStudyPad' from project 'NEXUSStudyPad')
    cd /Users/mecid/Desktop/OKUL\ /projeler/NEXUS/NEXUSStudyPad
    write-file /Users/mecid/Desktop/OKUL\ /projeler/NEXUS/NEXUSStudyPad/.build/PhysicaliPad/Build/Intermediates.noindex/NEXUSStudyPad.build/Debug-iphoneos/NEXUSStudyPad.build/Objects-normal/arm64/NEXUSStudyPad.SwiftConstValuesFileList

WriteAuxiliaryFile /Users/mecid/Desktop/OKUL\ /projeler/NEXUS/NEXUSStudyPad/.build/PhysicaliPad/Build/Intermediates.noindex/NEXUSStudyPad.build/Debug-iphoneos/NEXUSStudyPad.build/Objects-normal/arm64/NEXUSStudyPad.LinkFileList (in target 'NEXUSStudyPad' from project 'NEXUSStudyPad')
    cd /Users/mecid/Desktop/OKUL\ /projeler/NEXUS/NEXUSStudyPad
    write-file /Users/mecid/Desktop/OKUL\ /projeler/NEXUS/NEXUSStudyPad/.build/PhysicaliPad/Build/Intermediates.noindex/NEXUSStudyPad.build/Debug-iphoneos/NEXUSStudyPad.build/Objects-normal/arm64/NEXUSStudyPad.LinkFileList

WriteAuxiliaryFile /Users/mecid/Desktop/OKUL\ /projeler/NEXUS/NEXUSStudyPad/.build/PhysicaliPad/Build/Intermediates.noindex/NEXUSStudyPad.build/Debug-iphoneos/NEXUSStudyPad.build/NEXUSStudyPad.DependencyStaticMetadataFileList (in target 'NEXUSStudyPad' from project 'NEXUSStudyPad')
    cd /Users/mecid/Desktop/OKUL\ /projeler/NEXUS/NEXUSStudyPad
    write-file /Users/mecid/Desktop/OKUL\ /projeler/NEXUS/NEXUSStudyPad/.build/PhysicaliPad/Build/Intermediates.noindex/NEXUSStudyPad.build/Debug-iphoneos/NEXUSStudyPad.build/NEXUSStudyPad.DependencyStaticMetadataFileList

WriteAuxiliaryFile /Users/mecid/Desktop/OKUL\ /projeler/NEXUS/NEXUSStudyPad/.build/PhysicaliPad/Build/Intermediates.noindex/NEXUSStudyPad.build/Debug-iphoneos/NEXUSStudyPad.build/NEXUSStudyPad.DependencyMetadataFileList (in target 'NEXUSStudyPad' from project 'NEXUSStudyPad')
    cd /Users/mecid/Desktop/OKUL\ /projeler/NEXUS/NEXUSStudyPad
    write-file /Users/mecid/Desktop/OKUL\ /projeler/NEXUS/NEXUSStudyPad/.build/PhysicaliPad/Build/Intermediates.noindex/NEXUSStudyPad.build/Debug-iphoneos/NEXUSStudyPad.build/NEXUSStudyPad.DependencyMetadataFileList

WriteAuxiliaryFile /Users/mecid/Desktop/OKUL\ /projeler/NEXUS/NEXUSStudyPad/.build/PhysicaliPad/Build/Intermediates.noindex/NEXUSStudyPad.build/Debug-iphoneos/NEXUSStudyPad.build/NEXUSStudyPad-all-non-framework-target-headers.hmap (in target 'NEXUSStudyPad' from project 'NEXUSStudyPad')
    cd /Users/mecid/Desktop/OKUL\ /projeler/NEXUS/NEXUSStudyPad
    write-file /Users/mecid/Desktop/OKUL\ /projeler/NEXUS/NEXUSStudyPad/.build/PhysicaliPad/Build/Intermediates.noindex/NEXUSStudyPad.build/Debug-iphoneos/NEXUSStudyPad.build/NEXUSStudyPad-all-non-framework-target-headers.hmap

WriteAuxiliaryFile /Users/mecid/Desktop/OKUL\ /projeler/NEXUS/NEXUSStudyPad/.build/PhysicaliPad/Build/Intermediates.noindex/NEXUSStudyPad.build/Debug-iphoneos/NEXUSStudyPad.build/NEXUSStudyPad-DebugDylibPath-normal-arm64.txt (in target 'NEXUSStudyPad' from project 'NEXUSStudyPad')
    cd /Users/mecid/Desktop/OKUL\ /projeler/NEXUS/NEXUSStudyPad
    write-file /Users/mecid/Desktop/OKUL\ /projeler/NEXUS/NEXUSStudyPad/.build/PhysicaliPad/Build/Intermediates.noindex/NEXUSStudyPad.build/Debug-iphoneos/NEXUSStudyPad.build/NEXUSStudyPad-DebugDylibPath-normal-arm64.txt

WriteAuxiliaryFile /Users/mecid/Desktop/OKUL\ /projeler/NEXUS/NEXUSStudyPad/.build/PhysicaliPad/Build/Intermediates.noindex/NEXUSStudyPad.build/Debug-iphoneos/NEXUSStudyPad.build/NEXUSStudyPad-DebugDylibInstallName-normal-arm64.txt (in target 'NEXUSStudyPad' from project 'NEXUSStudyPad')
    cd /Users/mecid/Desktop/OKUL\ /projeler/NEXUS/NEXUSStudyPad
    write-file /Users/mecid/Desktop/OKUL\ /projeler/NEXUS/NEXUSStudyPad/.build/PhysicaliPad/Build/Intermediates.noindex/NEXUSStudyPad.build/Debug-iphoneos/NEXUSStudyPad.build/NEXUSStudyPad-DebugDylibInstallName-normal-arm64.txt

MkDir /Users/mecid/Desktop/OKUL\ /projeler/NEXUS/NEXUSStudyPad/.build/PhysicaliPad/Build/Products/Debug-iphoneos/NEXUSStudyPad.app (in target 'NEXUSStudyPad' from project 'NEXUSStudyPad')
    cd /Users/mecid/Desktop/OKUL\ /projeler/NEXUS/NEXUSStudyPad
    /bin/mkdir -p /Users/mecid/Desktop/OKUL\ /projeler/NEXUS/NEXUSStudyPad/.build/PhysicaliPad/Build/Products/Debug-iphoneos/NEXUSStudyPad.app

WriteAuxiliaryFile /Users/mecid/Desktop/OKUL\ /projeler/NEXUS/NEXUSStudyPad/.build/PhysicaliPad/Build/Intermediates.noindex/NEXUSStudyPad.build/Debug-iphoneos/NEXUSStudyPad.build/DerivedSources/Entitlements.plist (in target 'NEXUSStudyPad' from project 'NEXUSStudyPad')
    cd /Users/mecid/Desktop/OKUL\ /projeler/NEXUS/NEXUSStudyPad
    write-file /Users/mecid/Desktop/OKUL\ /projeler/NEXUS/NEXUSStudyPad/.build/PhysicaliPad/Build/Intermediates.noindex/NEXUSStudyPad.build/Debug-iphoneos/NEXUSStudyPad.build/DerivedSources/Entitlements.plist

ProcessProductPackaging /Users/mecid/Library/Developer/Xcode/UserData/Provisioning\ Profiles/c72a4e9f-aac7-480a-817b-a303d2074716.mobileprovision /Users/mecid/Desktop/OKUL\ /projeler/NEXUS/NEXUSStudyPad/.build/PhysicaliPad/Build/Products/Debug-iphoneos/NEXUSStudyPad.app/embedded.mobileprovision (in target 'NEXUSStudyPad' from project 'NEXUSStudyPad')
    cd /Users/mecid/Desktop/OKUL\ /projeler/NEXUS/NEXUSStudyPad
    builtin-productPackagingUtility /Users/mecid/Library/Developer/Xcode/UserData/Provisioning\ Profiles/c72a4e9f-aac7-480a-817b-a303d2074716.mobileprovision -o /Users/mecid/Desktop/OKUL\ /projeler/NEXUS/NEXUSStudyPad/.build/PhysicaliPad/Build/Products/Debug-iphoneos/NEXUSStudyPad.app/embedded.mobileprovision

ProcessProductPackaging "" /Users/mecid/Desktop/OKUL\ /projeler/NEXUS/NEXUSStudyPad/.build/PhysicaliPad/Build/Intermediates.noindex/NEXUSStudyPad.build/Debug-iphoneos/NEXUSStudyPad.build/NEXUSStudyPad.app.xcent (in target 'NEXUSStudyPad' from project 'NEXUSStudyPad')
    cd /Users/mecid/Desktop/OKUL\ /projeler/NEXUS/NEXUSStudyPad
    
    Entitlements:
    
    {
    "application-identifier" = "T9SJQJAM2V.com.nexus.studypad";
    "com.apple.developer.team-identifier" = T9SJQJAM2V;
    "get-task-allow" = 1;
}
    
    builtin-productPackagingUtility -entitlements -format xml -o /Users/mecid/Desktop/OKUL\ /projeler/NEXUS/NEXUSStudyPad/.build/PhysicaliPad/Build/Intermediates.noindex/NEXUSStudyPad.build/Debug-iphoneos/NEXUSStudyPad.build/NEXUSStudyPad.app.xcent

ProcessProductPackagingDER /Users/mecid/Desktop/OKUL\ /projeler/NEXUS/NEXUSStudyPad/.build/PhysicaliPad/Build/Intermediates.noindex/NEXUSStudyPad.build/Debug-iphoneos/NEXUSStudyPad.build/NEXUSStudyPad.app.xcent /Users/mecid/Desktop/OKUL\ /projeler/NEXUS/NEXUSStudyPad/.build/PhysicaliPad/Build/Intermediates.noindex/NEXUSStudyPad.build/Debug-iphoneos/NEXUSStudyPad.build/NEXUSStudyPad.app.xcent.der (in target 'NEXUSStudyPad' from project 'NEXUSStudyPad')
    cd /Users/mecid/Desktop/OKUL\ /projeler/NEXUS/NEXUSStudyPad
    /usr/bin/derq query -f xml -i /Users/mecid/Desktop/OKUL\ /projeler/NEXUS/NEXUSStudyPad/.build/PhysicaliPad/Build/Intermediates.noindex/NEXUSStudyPad.build/Debug-iphoneos/NEXUSStudyPad.build/NEXUSStudyPad.app.xcent -o /Users/mecid/Desktop/OKUL\ /projeler/NEXUS/NEXUSStudyPad/.build/PhysicaliPad/Build/Intermediates.noindex/NEXUSStudyPad.build/Debug-iphoneos/NEXUSStudyPad.build/NEXUSStudyPad.app.xcent.der --raw

Ld /Users/mecid/Desktop/OKUL\ /projeler/NEXUS/NEXUSStudyPad/.build/PhysicaliPad/Build/Products/Debug-iphoneos/NEXUSStudyPad.app/__preview.dylib normal (in target 'NEXUSStudyPad' from project 'NEXUSStudyPad')
    cd /Users/mecid/Desktop/OKUL\ /projeler/NEXUS/NEXUSStudyPad
    /Applications/Xcode.app/Contents/Developer/Toolchains/XcodeDefault.xctoolchain/usr/bin/clang -Xlinker -reproducible -target arm64-apple-ios17.0 -dynamiclib -isysroot /Applications/Xcode.app/Contents/Developer/Platforms/iPhoneOS.platform/Developer/SDKs/iPhoneOS26.5.sdk -Os -L/Users/mecid/Desktop/OKUL\ /projeler/NEXUS/NEXUSStudyPad/.build/PhysicaliPad/Build/Products/Debug-iphoneos -F/Users/mecid/Desktop/OKUL\ /projeler/NEXUS/NEXUSStudyPad/.build/PhysicaliPad/Build/Products/Debug-iphoneos -install_name @rpath/NEXUSStudyPad.debug.dylib -Xlinker -dead_strip -rdynamic -Xlinker -dependency_info -Xlinker /Users/mecid/Desktop/OKUL\ /projeler/NEXUS/NEXUSStudyPad/.build/PhysicaliPad/Build/Intermediates.noindex/NEXUSStudyPad.build/Debug-iphoneos/NEXUSStudyPad.build/Objects-normal/arm64/NEXUSStudyPad_dependency_info.dat -Xlinker -no_adhoc_codesign -o /Users/mecid/Desktop/OKUL\ /projeler/NEXUS/NEXUSStudyPad/.build/PhysicaliPad/Build/Products/Debug-iphoneos/NEXUSStudyPad.app/__preview.dylib

MkDir /Users/mecid/Desktop/OKUL\ /projeler/NEXUS/NEXUSStudyPad/.build/PhysicaliPad/Build/Intermediates.noindex/NEXUSStudyPad.build/Debug-iphoneos/NEXUSStudyPad.build/assetcatalog_output/unthinned (in target 'NEXUSStudyPad' from project 'NEXUSStudyPad')
    cd /Users/mecid/Desktop/OKUL\ /projeler/NEXUS/NEXUSStudyPad
    /bin/mkdir -p /Users/mecid/Desktop/OKUL\ /projeler/NEXUS/NEXUSStudyPad/.build/PhysicaliPad/Build/Intermediates.noindex/NEXUSStudyPad.build/Debug-iphoneos/NEXUSStudyPad.build/assetcatalog_output/unthinned

GenerateAssetSymbols /Users/mecid/Desktop/OKUL\ /projeler/NEXUS/NEXUSStudyPad/NEXUSStudyPad/Resources/Assets.xcassets (in target 'NEXUSStudyPad' from project 'NEXUSStudyPad')
    cd /Users/mecid/Desktop/OKUL\ /projeler/NEXUS/NEXUSStudyPad
    /Applications/Xcode.app/Contents/Developer/usr/bin/actool /Users/mecid/Desktop/OKUL\ /projeler/NEXUS/NEXUSStudyPad/NEXUSStudyPad/Resources/Assets.xcassets --compile /Users/mecid/Desktop/OKUL\ /projeler/NEXUS/NEXUSStudyPad/.build/PhysicaliPad/Build/Products/Debug-iphoneos/NEXUSStudyPad.app --output-format human-readable-text --notices --warnings --export-dependency-info /Users/mecid/Desktop/OKUL\ /projeler/NEXUS/NEXUSStudyPad/.build/PhysicaliPad/Build/Intermediates.noindex/NEXUSStudyPad.build/Debug-iphoneos/NEXUSStudyPad.build/assetcatalog_dependencies --output-partial-info-plist /Users/mecid/Desktop/OKUL\ /projeler/NEXUS/NEXUSStudyPad/.build/PhysicaliPad/Build/Intermediates.noindex/NEXUSStudyPad.build/Debug-iphoneos/NEXUSStudyPad.build/assetcatalog_generated_info.plist --app-icon AppIcon --accent-color AccentColor --compress-pngs --enable-on-demand-resources YES --development-region tr --target-device ipad --minimum-deployment-target 17.0 --platform iphoneos --bundle-identifier com.nexus.studypad --generate-swift-asset-symbol-extensions NO --generate-swift-asset-symbols /Users/mecid/Desktop/OKUL\ /projeler/NEXUS/NEXUSStudyPad/.build/PhysicaliPad/Build/Intermediates.noindex/NEXUSStudyPad.build/Debug-iphoneos/NEXUSStudyPad.build/DerivedSources/GeneratedAssetSymbols.swift --generate-objc-asset-symbols /Users/mecid/Desktop/OKUL\ /projeler/NEXUS/NEXUSStudyPad/.build/PhysicaliPad/Build/Intermediates.noindex/NEXUSStudyPad.build/Debug-iphoneos/NEXUSStudyPad.build/DerivedSources/GeneratedAssetSymbols.h --generate-asset-symbol-index /Users/mecid/Desktop/OKUL\ /projeler/NEXUS/NEXUSStudyPad/.build/PhysicaliPad/Build/Intermediates.noindex/NEXUSStudyPad.build/Debug-iphoneos/NEXUSStudyPad.build/DerivedSources/GeneratedAssetSymbols-Index.plist
/* com.apple.actool.compilation-results */
/Users/mecid/Desktop/OKUL /projeler/NEXUS/NEXUSStudyPad/.build/PhysicaliPad/Build/Intermediates.noindex/NEXUSStudyPad.build/Debug-iphoneos/NEXUSStudyPad.build/DerivedSources/GeneratedAssetSymbols-Index.plist
/Users/mecid/Desktop/OKUL /projeler/NEXUS/NEXUSStudyPad/.build/PhysicaliPad/Build/Intermediates.noindex/NEXUSStudyPad.build/Debug-iphoneos/NEXUSStudyPad.build/DerivedSources/GeneratedAssetSymbols.h
/Users/mecid/Desktop/OKUL /projeler/NEXUS/NEXUSStudyPad/.build/PhysicaliPad/Build/Intermediates.noindex/NEXUSStudyPad.build/Debug-iphoneos/NEXUSStudyPad.build/DerivedSources/GeneratedAssetSymbols.swift


MkDir /Users/mecid/Desktop/OKUL\ /projeler/NEXUS/NEXUSStudyPad/.build/PhysicaliPad/Build/Intermediates.noindex/NEXUSStudyPad.build/Debug-iphoneos/NEXUSStudyPad.build/assetcatalog_output/thinned (in target 'NEXUSStudyPad' from project 'NEXUSStudyPad')
    cd /Users/mecid/Desktop/OKUL\ /projeler/NEXUS/NEXUSStudyPad
    /bin/mkdir -p /Users/mecid/Desktop/OKUL\ /projeler/NEXUS/NEXUSStudyPad/.build/PhysicaliPad/Build/Intermediates.noindex/NEXUSStudyPad.build/Debug-iphoneos/NEXUSStudyPad.build/assetcatalog_output/thinned

CompileXCStrings /Users/mecid/Desktop/OKUL\ /projeler/NEXUS/NEXUSStudyPad/.build/PhysicaliPad/Build/Intermediates.noindex/NEXUSStudyPad.build/Debug-iphoneos/NEXUSStudyPad.build/ /Users/mecid/Desktop/OKUL\ /projeler/NEXUS/NEXUSStudyPad/NEXUSStudyPad/Resources/Localizable.xcstrings (in target 'NEXUSStudyPad' from project 'NEXUSStudyPad')
    cd /Users/mecid/Desktop/OKUL\ /projeler/NEXUS/NEXUSStudyPad
    /Applications/Xcode.app/Contents/Developer/usr/bin/xcstringstool compile --output-directory /Users/mecid/Desktop/OKUL\ /projeler/NEXUS/NEXUSStudyPad/.build/PhysicaliPad/Build/Intermediates.noindex/NEXUSStudyPad.build/Debug-iphoneos/NEXUSStudyPad.build /Users/mecid/Desktop/OKUL\ /projeler/NEXUS/NEXUSStudyPad/NEXUSStudyPad/Resources/Localizable.xcstrings

CompileAssetCatalogVariant thinned /Users/mecid/Desktop/OKUL\ /projeler/NEXUS/NEXUSStudyPad/.build/PhysicaliPad/Build/Products/Debug-iphoneos/NEXUSStudyPad.app /Users/mecid/Desktop/OKUL\ /projeler/NEXUS/NEXUSStudyPad/NEXUSStudyPad/Resources/Assets.xcassets (in target 'NEXUSStudyPad' from project 'NEXUSStudyPad')
    cd /Users/mecid/Desktop/OKUL\ /projeler/NEXUS/NEXUSStudyPad
    /Applications/Xcode.app/Contents/Developer/usr/bin/actool /Users/mecid/Desktop/OKUL\ /projeler/NEXUS/NEXUSStudyPad/NEXUSStudyPad/Resources/Assets.xcassets --compile /Users/mecid/Desktop/OKUL\ /projeler/NEXUS/NEXUSStudyPad/.build/PhysicaliPad/Build/Intermediates.noindex/NEXUSStudyPad.build/Debug-iphoneos/NEXUSStudyPad.build/assetcatalog_output/thinned --output-format human-readable-text --notices --warnings --export-dependency-info /Users/mecid/Desktop/OKUL\ /projeler/NEXUS/NEXUSStudyPad/.build/PhysicaliPad/Build/Intermediates.noindex/NEXUSStudyPad.build/Debug-iphoneos/NEXUSStudyPad.build/assetcatalog_dependencies_thinned --output-partial-info-plist /Users/mecid/Desktop/OKUL\ /projeler/NEXUS/NEXUSStudyPad/.build/PhysicaliPad/Build/Intermediates.noindex/NEXUSStudyPad.build/Debug-iphoneos/NEXUSStudyPad.build/assetcatalog_generated_info.plist_thinned --app-icon AppIcon --accent-color AccentColor --compress-pngs --enable-on-demand-resources YES --filter-for-thinning-device-configuration iPad15,7 --filter-for-device-os-version 26.5 --development-region tr --target-device ipad --minimum-deployment-target 17.0 --platform iphoneos
/* com.apple.actool.compilation-results */
/Users/mecid/Desktop/OKUL /projeler/NEXUS/NEXUSStudyPad/.build/PhysicaliPad/Build/Intermediates.noindex/NEXUSStudyPad.build/Debug-iphoneos/NEXUSStudyPad.build/assetcatalog_generated_info.plist_thinned
/Users/mecid/Desktop/OKUL /projeler/NEXUS/NEXUSStudyPad/.build/PhysicaliPad/Build/Intermediates.noindex/NEXUSStudyPad.build/Debug-iphoneos/NEXUSStudyPad.build/assetcatalog_output/thinned/AppIcon60x60@2x.png
/Users/mecid/Desktop/OKUL /projeler/NEXUS/NEXUSStudyPad/.build/PhysicaliPad/Build/Intermediates.noindex/NEXUSStudyPad.build/Debug-iphoneos/NEXUSStudyPad.build/assetcatalog_output/thinned/AppIcon76x76@2x~ipad.png
/Users/mecid/Desktop/OKUL /projeler/NEXUS/NEXUSStudyPad/.build/PhysicaliPad/Build/Intermediates.noindex/NEXUSStudyPad.build/Debug-iphoneos/NEXUSStudyPad.build/assetcatalog_output/thinned/Assets.car


CopyStringsFile /Users/mecid/Desktop/OKUL\ /projeler/NEXUS/NEXUSStudyPad/.build/PhysicaliPad/Build/Products/Debug-iphoneos/NEXUSStudyPad.app/ar.lproj/Localizable.strings /Users/mecid/Desktop/OKUL\ /projeler/NEXUS/NEXUSStudyPad/.build/PhysicaliPad/Build/Intermediates.noindex/NEXUSStudyPad.build/Debug-iphoneos/NEXUSStudyPad.build/ar.lproj/Localizable.strings (in target 'NEXUSStudyPad' from project 'NEXUSStudyPad')
    cd /Users/mecid/Desktop/OKUL\ /projeler/NEXUS/NEXUSStudyPad
    builtin-copyStrings --validate --outputencoding binary --outfilename Localizable.strings --outdir /Users/mecid/Desktop/OKUL\ /projeler/NEXUS/NEXUSStudyPad/.build/PhysicaliPad/Build/Products/Debug-iphoneos/NEXUSStudyPad.app/ar.lproj -- /Users/mecid/Desktop/OKUL\ /projeler/NEXUS/NEXUSStudyPad/.build/PhysicaliPad/Build/Intermediates.noindex/NEXUSStudyPad.build/Debug-iphoneos/NEXUSStudyPad.build/ar.lproj/Localizable.strings
/Users/mecid/Desktop/OKUL /projeler/NEXUS/NEXUSStudyPad/.build/PhysicaliPad/Build/Intermediates.noindex/NEXUSStudyPad.build/Debug-iphoneos/NEXUSStudyPad.build/ar.lproj/Localizable.strings:1:1: note: detected encoding of input file as Unicode (UTF-8) (in target 'NEXUSStudyPad' from project 'NEXUSStudyPad')

CopyStringsFile /Users/mecid/Desktop/OKUL\ /projeler/NEXUS/NEXUSStudyPad/.build/PhysicaliPad/Build/Products/Debug-iphoneos/NEXUSStudyPad.app/en.lproj/Localizable.strings /Users/mecid/Desktop/OKUL\ /projeler/NEXUS/NEXUSStudyPad/.build/PhysicaliPad/Build/Intermediates.noindex/NEXUSStudyPad.build/Debug-iphoneos/NEXUSStudyPad.build/en.lproj/Localizable.strings (in target 'NEXUSStudyPad' from project 'NEXUSStudyPad')
    cd /Users/mecid/Desktop/OKUL\ /projeler/NEXUS/NEXUSStudyPad
    builtin-copyStrings --validate --outputencoding binary --outfilename Localizable.strings --outdir /Users/mecid/Desktop/OKUL\ /projeler/NEXUS/NEXUSStudyPad/.build/PhysicaliPad/Build/Products/Debug-iphoneos/NEXUSStudyPad.app/en.lproj -- /Users/mecid/Desktop/OKUL\ /projeler/NEXUS/NEXUSStudyPad/.build/PhysicaliPad/Build/Intermediates.noindex/NEXUSStudyPad.build/Debug-iphoneos/NEXUSStudyPad.build/en.lproj/Localizable.strings
/Users/mecid/Desktop/OKUL /projeler/NEXUS/NEXUSStudyPad/.build/PhysicaliPad/Build/Intermediates.noindex/NEXUSStudyPad.build/Debug-iphoneos/NEXUSStudyPad.build/en.lproj/Localizable.strings:1:1: note: detected encoding of input file as Unicode (UTF-8) (in target 'NEXUSStudyPad' from project 'NEXUSStudyPad')

SwiftDriver NEXUSStudyPad normal arm64 com.apple.xcode.tools.swift.compiler (in target 'NEXUSStudyPad' from project 'NEXUSStudyPad')
    cd /Users/mecid/Desktop/OKUL\ /projeler/NEXUS/NEXUSStudyPad
    builtin-SwiftDriver -- /Applications/Xcode.app/Contents/Developer/Toolchains/XcodeDefault.xctoolchain/usr/bin/swiftc -module-name NEXUSStudyPad -Onone @/Users/mecid/Desktop/OKUL\ /projeler/NEXUS/NEXUSStudyPad/.build/PhysicaliPad/Build/Intermediates.noindex/NEXUSStudyPad.build/Debug-iphoneos/NEXUSStudyPad.build/Objects-normal/arm64/NEXUSStudyPad.SwiftFileList -DDEBUG -strict-concurrency\=targeted -enable-bare-slash-regex -enable-experimental-feature DebugDescriptionMacro -sdk /Applications/Xcode.app/Contents/Developer/Platforms/iPhoneOS.platform/Developer/SDKs/iPhoneOS26.5.sdk -target arm64-apple-ios17.0 -g -module-cache-path /Users/mecid/Desktop/OKUL\ /projeler/NEXUS/NEXUSStudyPad/.build/PhysicaliPad/ModuleCache.noindex -Xfrontend -serialize-debugging-options -enable-testing -index-store-path /Users/mecid/Desktop/OKUL\ /projeler/NEXUS/NEXUSStudyPad/.build/PhysicaliPad/Index.noindex/DataStore -swift-version 5 -I /Users/mecid/Desktop/OKUL\ /projeler/NEXUS/NEXUSStudyPad/.build/PhysicaliPad/Build/Products/Debug-iphoneos -F /Users/mecid/Desktop/OKUL\ /projeler/NEXUS/NEXUSStudyPad/.build/PhysicaliPad/Build/Products/Debug-iphoneos -emit-localized-strings -emit-localized-strings-path /Users/mecid/Desktop/OKUL\ /projeler/NEXUS/NEXUSStudyPad/.build/PhysicaliPad/Build/Intermediates.noindex/NEXUSStudyPad.build/Debug-iphoneos/NEXUSStudyPad.build/Objects-normal/arm64 -c -j11 -enable-batch-mode -incremental -Xcc -ivfsstatcache -Xcc /Users/mecid/Desktop/OKUL\ /projeler/NEXUS/NEXUSStudyPad/.build/PhysicaliPad/SDKStatCaches.noindex/iphoneos26.5-23F81a-32daed1954a7d5dd0789fcaf2a9bb78b.sdkstatcache -output-file-map /Users/mecid/Desktop/OKUL\ /projeler/NEXUS/NEXUSStudyPad/.build/PhysicaliPad/Build/Intermediates.noindex/NEXUSStudyPad.build/Debug-iphoneos/NEXUSStudyPad.build/Objects-normal/arm64/NEXUSStudyPad-OutputFileMap.json -use-frontend-parseable-output -save-temps -no-color-diagnostics -explicit-module-build -module-cache-path /Users/mecid/Desktop/OKUL\ /projeler/NEXUS/NEXUSStudyPad/.build/PhysicaliPad/Build/Intermediates.noindex/SwiftExplicitPrecompiledModules -clang-scanner-module-cache-path /Users/mecid/Desktop/OKUL\ /projeler/NEXUS/NEXUSStudyPad/.build/PhysicaliPad/ModuleCache.noindex -sdk-module-cache-path /Users/mecid/Desktop/OKUL\ /projeler/NEXUS/NEXUSStudyPad/.build/PhysicaliPad/ModuleCache.noindex -serialize-diagnostics -emit-dependencies -emit-module -emit-module-path /Users/mecid/Desktop/OKUL\ /projeler/NEXUS/NEXUSStudyPad/.build/PhysicaliPad/Build/Intermediates.noindex/NEXUSStudyPad.build/Debug-iphoneos/NEXUSStudyPad.build/Objects-normal/arm64/NEXUSStudyPad.swiftmodule -validate-clang-modules-once -clang-build-session-file /Users/mecid/Desktop/OKUL\ /projeler/NEXUS/NEXUSStudyPad/.build/PhysicaliPad/ModuleCache.noindex/Session.modulevalidation -Xcc -I/Users/mecid/Desktop/OKUL\ /projeler/NEXUS/NEXUSStudyPad/.build/PhysicaliPad/Build/Intermediates.noindex/NEXUSStudyPad.build/Debug-iphoneos/NEXUSStudyPad.build/swift-overrides.hmap -emit-const-values -Xfrontend -const-gather-protocols-file -Xfrontend /Users/mecid/Desktop/OKUL\ /projeler/NEXUS/NEXUSStudyPad/.build/PhysicaliPad/Build/Intermediates.noindex/NEXUSStudyPad.build/Debug-iphoneos/NEXUSStudyPad.build/Objects-normal/arm64/NEXUSStudyPad_const_extract_protocols.json -Xcc -iquote -Xcc /Users/mecid/Desktop/OKUL\ /projeler/NEXUS/NEXUSStudyPad/.build/PhysicaliPad/Build/Intermediates.noindex/NEXUSStudyPad.build/Debug-iphoneos/NEXUSStudyPad.build/NEXUSStudyPad-generated-files.hmap -Xcc -I/Users/mecid/Desktop/OKUL\ /projeler/NEXUS/NEXUSStudyPad/.build/PhysicaliPad/Build/Intermediates.noindex/NEXUSStudyPad.build/Debug-iphoneos/NEXUSStudyPad.build/NEXUSStudyPad-own-target-headers.hmap -Xcc -I/Users/mecid/Desktop/OKUL\ /projeler/NEXUS/NEXUSStudyPad/.build/PhysicaliPad/Build/Intermediates.noindex/NEXUSStudyPad.build/Debug-iphoneos/NEXUSStudyPad.build/NEXUSStudyPad-all-target-headers.hmap -Xcc -iquote -Xcc /Users/mecid/Desktop/OKUL\ /projeler/NEXUS/NEXUSStudyPad/.build/PhysicaliPad/Build/Intermediates.noindex/NEXUSStudyPad.build/Debug-iphoneos/NEXUSStudyPad.build/NEXUSStudyPad-project-headers.hmap -Xcc -I/Users/mecid/Desktop/OKUL\ /projeler/NEXUS/NEXUSStudyPad/.build/PhysicaliPad/Build/Products/Debug-iphoneos/include -Xcc -I/Users/mecid/Desktop/OKUL\ /projeler/NEXUS/NEXUSStudyPad/.build/PhysicaliPad/Build/Intermediates.noindex/NEXUSStudyPad.build/Debug-iphoneos/NEXUSStudyPad.build/DerivedSources-normal/arm64 -Xcc -I/Users/mecid/Desktop/OKUL\ /projeler/NEXUS/NEXUSStudyPad/.build/PhysicaliPad/Build/Intermediates.noindex/NEXUSStudyPad.build/Debug-iphoneos/NEXUSStudyPad.build/DerivedSources/arm64 -Xcc -I/Users/mecid/Desktop/OKUL\ /projeler/NEXUS/NEXUSStudyPad/.build/PhysicaliPad/Build/Intermediates.noindex/NEXUSStudyPad.build/Debug-iphoneos/NEXUSStudyPad.build/DerivedSources -emit-objc-header -emit-objc-header-path /Users/mecid/Desktop/OKUL\ /projeler/NEXUS/NEXUSStudyPad/.build/PhysicaliPad/Build/Intermediates.noindex/NEXUSStudyPad.build/Debug-iphoneos/NEXUSStudyPad.build/Objects-normal/arm64/NEXUSStudyPad-Swift.h -working-directory /Users/mecid/Desktop/OKUL\ /projeler/NEXUS/NEXUSStudyPad -experimental-emit-module-separately -disable-cmo

SwiftExplicitDependencyGeneratePcm arm64 /Users/mecid/Desktop/OKUL\ /projeler/NEXUS/NEXUSStudyPad/.build/PhysicaliPad/ModuleCache.noindex/_AvailabilityInternal-5GHLXA79N237IHWNY8JN8V7LG.pcm

SwiftExplicitDependencyGeneratePcm arm64 /Users/mecid/Desktop/OKUL\ /projeler/NEXUS/NEXUSStudyPad/.build/PhysicaliPad/ModuleCache.noindex/DeveloperToolsSupport-C71LFUQ62AMDEBK6I5AULT99D.pcm

SwiftExplicitDependencyGeneratePcm arm64 /Users/mecid/Desktop/OKUL\ /projeler/NEXUS/NEXUSStudyPad/.build/PhysicaliPad/ModuleCache.noindex/ptrauth-7XRRBEMBPHJLJOXQEOWXUK156.pcm

SwiftExplicitDependencyGeneratePcm arm64 /Users/mecid/Desktop/OKUL\ /projeler/NEXUS/NEXUSStudyPad/.build/PhysicaliPad/ModuleCache.noindex/_SwiftConcurrencyShims-DEA151NJ8FPHE2KRWFPOSA2OO.pcm

SwiftExplicitDependencyGeneratePcm arm64 /Users/mecid/Desktop/OKUL\ /projeler/NEXUS/NEXUSStudyPad/.build/PhysicaliPad/ModuleCache.noindex/SwiftShims-621U0K4XEYK1NF4EBZIQTLFKA.pcm

SwiftExplicitDependencyGeneratePcm arm64 /Users/mecid/Desktop/OKUL\ /projeler/NEXUS/NEXUSStudyPad/.build/PhysicaliPad/ModuleCache.noindex/_Builtin_float-BKCPW6HGNKW7XSZA1N3M88KRC.pcm

SwiftExplicitDependencyGeneratePcm arm64 /Users/mecid/Desktop/OKUL\ /projeler/NEXUS/NEXUSStudyPad/.build/PhysicaliPad/ModuleCache.noindex/_Builtin_stddef-7HUS576QHA61FX9P9JK5OA8R9.pcm

SwiftExplicitDependencyGeneratePcm arm64 /Users/mecid/Desktop/OKUL\ /projeler/NEXUS/NEXUSStudyPad/.build/PhysicaliPad/ModuleCache.noindex/_Builtin_stdarg-653A8OTCY1B7WVS3OS4CFG4RW.pcm

SwiftExplicitDependencyGeneratePcm arm64 /Users/mecid/Desktop/OKUL\ /projeler/NEXUS/NEXUSStudyPad/.build/PhysicaliPad/ModuleCache.noindex/_Builtin_stdbool-62ECOPS897PKWJV352Y86SK5N.pcm

SwiftExplicitDependencyGeneratePcm arm64 /Users/mecid/Desktop/OKUL\ /projeler/NEXUS/NEXUSStudyPad/.build/PhysicaliPad/ModuleCache.noindex/ptrcheck-6B1KO3H78UVM95MPKI8DDI96G.pcm

SwiftExplicitDependencyGeneratePcm arm64 /Users/mecid/Desktop/OKUL\ /projeler/NEXUS/NEXUSStudyPad/.build/PhysicaliPad/ModuleCache.noindex/_DarwinFoundation1-2PUVXLNMYH1FDAK4MK0NVUANU.pcm

SwiftExplicitDependencyGeneratePcm arm64 /Users/mecid/Desktop/OKUL\ /projeler/NEXUS/NEXUSStudyPad/.build/PhysicaliPad/ModuleCache.noindex/_DarwinFoundation2-E1U23SFL9R1S3W1TCYGWK8K2X.pcm

SwiftExplicitDependencyGeneratePcm arm64 /Users/mecid/Desktop/OKUL\ /projeler/NEXUS/NEXUSStudyPad/.build/PhysicaliPad/ModuleCache.noindex/_Builtin_limits-9NP7NGVYNZCQZZ639MXCQ05GE.pcm

SwiftExplicitDependencyGeneratePcm arm64 /Users/mecid/Desktop/OKUL\ /projeler/NEXUS/NEXUSStudyPad/.build/PhysicaliPad/ModuleCache.noindex/sys_types-E2S01DQPFRAHKO2E03WTLF55H.pcm

SwiftExplicitDependencyGeneratePcm arm64 /Users/mecid/Desktop/OKUL\ /projeler/NEXUS/NEXUSStudyPad/.build/PhysicaliPad/ModuleCache.noindex/_Builtin_tgmath-4MFVFKAJQQ4GG7H5NKCJ06A7A.pcm

SwiftExplicitDependencyGeneratePcm arm64 /Users/mecid/Desktop/OKUL\ /projeler/NEXUS/NEXUSStudyPad/.build/PhysicaliPad/ModuleCache.noindex/_Builtin_stdint-96IYZXCS4LBDEQBCDAV64KYPR.pcm

SwiftExplicitDependencyGeneratePcm arm64 /Users/mecid/Desktop/OKUL\ /projeler/NEXUS/NEXUSStudyPad/.build/PhysicaliPad/ModuleCache.noindex/_Builtin_stdatomic-BKHUTI8U6GLG7WWR5UU4DCZES.pcm

SwiftExplicitDependencyGeneratePcm arm64 /Users/mecid/Desktop/OKUL\ /projeler/NEXUS/NEXUSStudyPad/.build/PhysicaliPad/ModuleCache.noindex/_DarwinFoundation3-EVWNGR9YXNZGYEUP1NODG5I5F.pcm

SwiftExplicitDependencyGeneratePcm arm64 /Users/mecid/Desktop/OKUL\ /projeler/NEXUS/NEXUSStudyPad/.build/PhysicaliPad/ModuleCache.noindex/_Builtin_intrinsics-A035V3OFPJJEQJC75SBG8G23B.pcm

SwiftExplicitDependencyGeneratePcm arm64 /Users/mecid/Desktop/OKUL\ /projeler/NEXUS/NEXUSStudyPad/.build/PhysicaliPad/ModuleCache.noindex/_Builtin_inttypes-H54BZEA4Z7IS6VQBR8FQHXPT.pcm

SwiftExplicitDependencyGeneratePcm arm64 /Users/mecid/Desktop/OKUL\ /projeler/NEXUS/NEXUSStudyPad/.build/PhysicaliPad/ModuleCache.noindex/Darwin-1AL0EORP20QQTEODZWW3BCOTS.pcm

SwiftExplicitDependencyGeneratePcm arm64 /Users/mecid/Desktop/OKUL\ /projeler/NEXUS/NEXUSStudyPad/.build/PhysicaliPad/ModuleCache.noindex/simd-9B0TYKTF6Q4N9PLBK8NWOTZ7I.pcm

SwiftExplicitDependencyGeneratePcm arm64 /Users/mecid/Desktop/OKUL\ /projeler/NEXUS/NEXUSStudyPad/.build/PhysicaliPad/ModuleCache.noindex/ObjectiveC-ERUES7RH2VDDPAEV6DPD6WZIE.pcm

SwiftExplicitDependencyGeneratePcm arm64 /Users/mecid/Desktop/OKUL\ /projeler/NEXUS/NEXUSStudyPad/.build/PhysicaliPad/ModuleCache.noindex/MachO-4STZFQ4VXPI041ZXZ1PSKNCA.pcm

SwiftExplicitDependencyGeneratePcm arm64 /Users/mecid/Desktop/OKUL\ /projeler/NEXUS/NEXUSStudyPad/.build/PhysicaliPad/ModuleCache.noindex/os_object-CJ2TNE4AV3WU2IXV404Y4WO69.pcm

SwiftExplicitDependencyGeneratePcm arm64 /Users/mecid/Desktop/OKUL\ /projeler/NEXUS/NEXUSStudyPad/.build/PhysicaliPad/ModuleCache.noindex/os_workgroup-7H1IJ24ZKRFJLPSCPM66E7Y43.pcm

SwiftExplicitDependencyGeneratePcm arm64 /Users/mecid/Desktop/OKUL\ /projeler/NEXUS/NEXUSStudyPad/.build/PhysicaliPad/ModuleCache.noindex/Spatial-67CSC4N772TIXIHRRSKCB8OKR.pcm

SwiftExplicitDependencyGeneratePcm arm64 /Users/mecid/Desktop/OKUL\ /projeler/NEXUS/NEXUSStudyPad/.build/PhysicaliPad/ModuleCache.noindex/Dispatch-9CKMC0CLBI25Y0N60MH3MLB3X.pcm

SwiftExplicitDependencyGeneratePcm arm64 /Users/mecid/Desktop/OKUL\ /projeler/NEXUS/NEXUSStudyPad/.build/PhysicaliPad/ModuleCache.noindex/XPC-23JRG8X7D7D79RJNZ411M70KT.pcm

SwiftExplicitDependencyGeneratePcm arm64 /Users/mecid/Desktop/OKUL\ /projeler/NEXUS/NEXUSStudyPad/.build/PhysicaliPad/ModuleCache.noindex/CoreFoundation-2HH17L1IQVQG6XY8OOFLPZZGU.pcm

SwiftExplicitDependencyGeneratePcm arm64 /Users/mecid/Desktop/OKUL\ /projeler/NEXUS/NEXUSStudyPad/.build/PhysicaliPad/ModuleCache.noindex/dnssd-2BUNY5Z08KIRUVKSUE1PUIZXM.pcm

SwiftExplicitDependencyGeneratePcm arm64 /Users/mecid/Desktop/OKUL\ /projeler/NEXUS/NEXUSStudyPad/.build/PhysicaliPad/ModuleCache.noindex/os-1Y7BFAA172VH4P3MIA2R4GOB9.pcm

SwiftExplicitDependencyGeneratePcm arm64 /Users/mecid/Desktop/OKUL\ /projeler/NEXUS/NEXUSStudyPad/.build/PhysicaliPad/ModuleCache.noindex/CoreGraphics-C0SRIBFHSVYM332K0EZ2R6UWD.pcm

SwiftExplicitDependencyGeneratePcm arm64 /Users/mecid/Desktop/OKUL\ /projeler/NEXUS/NEXUSStudyPad/.build/PhysicaliPad/ModuleCache.noindex/Security-72FQ3K8Z5X1FBNC7ZN8AXF013.pcm

SwiftExplicitDependencyGeneratePcm arm64 /Users/mecid/Desktop/OKUL\ /projeler/NEXUS/NEXUSStudyPad/.build/PhysicaliPad/ModuleCache.noindex/CFNetwork-AMH8YT95IM92CBDJGAAX27NFV.pcm

SwiftExplicitDependencyGeneratePcm arm64 /Users/mecid/Desktop/OKUL\ /projeler/NEXUS/NEXUSStudyPad/.build/PhysicaliPad/ModuleCache.noindex/CoreAudioTypes-6ODTR27VEZZLIYDU0GGKAKLBJ.pcm

SwiftExplicitDependencyGeneratePcm arm64 /Users/mecid/Desktop/OKUL\ /projeler/NEXUS/NEXUSStudyPad/.build/PhysicaliPad/ModuleCache.noindex/CoreAudio-5E3XVDKIQR2F8NN95LGEXPBKK.pcm

SwiftExplicitDependencyGeneratePcm arm64 /Users/mecid/Desktop/OKUL\ /projeler/NEXUS/NEXUSStudyPad/.build/PhysicaliPad/ModuleCache.noindex/Foundation-A7QWTAD7SQ9232ABANZCHL92Z.pcm

SwiftExplicitDependencyGeneratePcm arm64 /Users/mecid/Desktop/OKUL\ /projeler/NEXUS/NEXUSStudyPad/.build/PhysicaliPad/ModuleCache.noindex/ImageIO-2WJJXN1C2VQREKT0G31J228MI.pcm

SwiftExplicitDependencyGeneratePcm arm64 /Users/mecid/Desktop/OKUL\ /projeler/NEXUS/NEXUSStudyPad/.build/PhysicaliPad/ModuleCache.noindex/CoreText-BSUPM1I0FJE4PN00U435Q9DJW.pcm

SwiftExplicitDependencyGeneratePcm arm64 /Users/mecid/Desktop/OKUL\ /projeler/NEXUS/NEXUSStudyPad/.build/PhysicaliPad/ModuleCache.noindex/DataDetection-1V7EI6J41J90OJ5D9ORI5JU0I.pcm

SwiftExplicitDependencyGeneratePcm arm64 /Users/mecid/Desktop/OKUL\ /projeler/NEXUS/NEXUSStudyPad/.build/PhysicaliPad/ModuleCache.noindex/IOSurface-IZVY6KHFWV4WIBZRNM6VSOGH.pcm

SwiftExplicitDependencyGeneratePcm arm64 /Users/mecid/Desktop/OKUL\ /projeler/NEXUS/NEXUSStudyPad/.build/PhysicaliPad/ModuleCache.noindex/FileProvider-3UHQUNLN5C6CAX3QBNGBNJ0OB.pcm

SwiftExplicitDependencyGeneratePcm arm64 /Users/mecid/Desktop/OKUL\ /projeler/NEXUS/NEXUSStudyPad/.build/PhysicaliPad/ModuleCache.noindex/UserNotifications-3OAGUONFBED1IXRPQUMMKXPL1.pcm

SwiftExplicitDependencyGeneratePcm arm64 /Users/mecid/Desktop/OKUL\ /projeler/NEXUS/NEXUSStudyPad/.build/PhysicaliPad/ModuleCache.noindex/UniformTypeIdentifiers-BWYCKJ3IG9AZZ1OFF3I3HL4TE.pcm

SwiftExplicitDependencyGeneratePcm arm64 /Users/mecid/Desktop/OKUL\ /projeler/NEXUS/NEXUSStudyPad/.build/PhysicaliPad/ModuleCache.noindex/UIUtilities-61DR957GLQJR9SH0OQ9G4BYDQ.pcm

SwiftExplicitDependencyGeneratePcm arm64 /Users/mecid/Desktop/OKUL\ /projeler/NEXUS/NEXUSStudyPad/.build/PhysicaliPad/ModuleCache.noindex/CoreData-C34Z8JJ9XN002IXF7KQ6QMT5Q.pcm

SwiftExplicitDependencyGeneratePcm arm64 /Users/mecid/Desktop/OKUL\ /projeler/NEXUS/NEXUSStudyPad/.build/PhysicaliPad/ModuleCache.noindex/ModelIO-6R6W4NBHMJZRJEAON7QS1B9G1.pcm

SwiftExplicitDependencyGeneratePcm arm64 /Users/mecid/Desktop/OKUL\ /projeler/NEXUS/NEXUSStudyPad/.build/PhysicaliPad/ModuleCache.noindex/CoreTransferable-E5ALUW871YTGPSRXYVGRRFZ8I.pcm

SwiftExplicitDependencyGeneratePcm arm64 /Users/mecid/Desktop/OKUL\ /projeler/NEXUS/NEXUSStudyPad/.build/PhysicaliPad/ModuleCache.noindex/Network-7Y4IHNRTQJEZRIMMUWD8OMX72.pcm

SwiftExplicitDependencyGeneratePcm arm64 /Users/mecid/Desktop/OKUL\ /projeler/NEXUS/NEXUSStudyPad/.build/PhysicaliPad/ModuleCache.noindex/OSLog-8PYFD70MXCT7V6ZZG7RTSE2NU.pcm

SwiftExplicitDependencyGeneratePcm arm64 /Users/mecid/Desktop/OKUL\ /projeler/NEXUS/NEXUSStudyPad/.build/PhysicaliPad/ModuleCache.noindex/Symbols-AIPAFYFENPT5J8A5V9XTH735J.pcm

SwiftExplicitDependencyGeneratePcm arm64 /Users/mecid/Desktop/OKUL\ /projeler/NEXUS/NEXUSStudyPad/.build/PhysicaliPad/ModuleCache.noindex/CoreMIDI-2NJ6MGSNP7X65NXZYKPZBZ2O5.pcm

SwiftExplicitDependencyGeneratePcm arm64 /Users/mecid/Desktop/OKUL\ /projeler/NEXUS/NEXUSStudyPad/.build/PhysicaliPad/ModuleCache.noindex/Accessibility-5VGEJC8R7A6JMR93NWTRTSQC4.pcm

SwiftExplicitDependencyGeneratePcm arm64 /Users/mecid/Desktop/OKUL\ /projeler/NEXUS/NEXUSStudyPad/.build/PhysicaliPad/ModuleCache.noindex/Metal-17Q3NK39R91EQT87NDUYG3RI9.pcm

SwiftExplicitDependencyGeneratePcm arm64 /Users/mecid/Desktop/OKUL\ /projeler/NEXUS/NEXUSStudyPad/.build/PhysicaliPad/ModuleCache.noindex/OpenGLES-3CJALCHOTCCHTKCPNDHCAQIHL.pcm

SwiftExplicitDependencyGeneratePcm arm64 /Users/mecid/Desktop/OKUL\ /projeler/NEXUS/NEXUSStudyPad/.build/PhysicaliPad/ModuleCache.noindex/AVRouting-AQURKHC49POBTU28J89MUD6EG.pcm

SwiftExplicitDependencyGeneratePcm arm64 /Users/mecid/Desktop/OKUL\ /projeler/NEXUS/NEXUSStudyPad/.build/PhysicaliPad/ModuleCache.noindex/AudioToolbox-94ZJNPGROF37TC0LYL7XOZO9Q.pcm

SwiftExplicitDependencyGeneratePcm arm64 /Users/mecid/Desktop/OKUL\ /projeler/NEXUS/NEXUSStudyPad/.build/PhysicaliPad/ModuleCache.noindex/CoreVideo-4JOX8IV22L0WAXRSS4AEQOI1P.pcm

SwiftExplicitDependencyGeneratePcm arm64 /Users/mecid/Desktop/OKUL\ /projeler/NEXUS/NEXUSStudyPad/.build/PhysicaliPad/ModuleCache.noindex/CoreImage-66ARZMH7ADHJG5IPTUZ5ADZSM.pcm

SwiftExplicitDependencyGeneratePcm arm64 /Users/mecid/Desktop/OKUL\ /projeler/NEXUS/NEXUSStudyPad/.build/PhysicaliPad/ModuleCache.noindex/CoreMedia-5OYO1DOE5WBMT92I0LPN8C36M.pcm

SwiftExplicitDependencyGeneratePcm arm64 /Users/mecid/Desktop/OKUL\ /projeler/NEXUS/NEXUSStudyPad/.build/PhysicaliPad/ModuleCache.noindex/QuartzCore-39T4IN0RHBI8P0WMNDXV4HJ3U.pcm

SwiftExplicitDependencyGeneratePcm arm64 /Users/mecid/Desktop/OKUL\ /projeler/NEXUS/NEXUSStudyPad/.build/PhysicaliPad/ModuleCache.noindex/SwiftUICore-ETETIRB709YFX4TFGVG1BCOZQ.pcm

SwiftExplicitDependencyGeneratePcm arm64 /Users/mecid/Desktop/OKUL\ /projeler/NEXUS/NEXUSStudyPad/.build/PhysicaliPad/ModuleCache.noindex/AVFAudio-CVELS5LEOERL4JTG14BNCQ5EY.pcm

SwiftExplicitDependencyGeneratePcm arm64 /Users/mecid/Desktop/OKUL\ /projeler/NEXUS/NEXUSStudyPad/.build/PhysicaliPad/ModuleCache.noindex/MediaToolbox-6DOXQPW9JM7YMC9SZALFBS0SP.pcm

SwiftExplicitDependencyGeneratePcm arm64 /Users/mecid/Desktop/OKUL\ /projeler/NEXUS/NEXUSStudyPad/.build/PhysicaliPad/ModuleCache.noindex/UIKit-3N0SMDLNL75SQT9ZYEZ9DDZJ2.pcm

SwiftExplicitDependencyGeneratePcm arm64 /Users/mecid/Desktop/OKUL\ /projeler/NEXUS/NEXUSStudyPad/.build/PhysicaliPad/ModuleCache.noindex/AVFoundation-3HQZ4WGDR8B5MUBIBHIHBN45Y.pcm

SwiftExplicitDependencyGeneratePcm arm64 /Users/mecid/Desktop/OKUL\ /projeler/NEXUS/NEXUSStudyPad/.build/PhysicaliPad/ModuleCache.noindex/SwiftUI-4WI1X3L7ZWDJIFLKECF4LMKN0.pcm

SwiftExplicitDependencyGeneratePcm arm64 /Users/mecid/Desktop/OKUL\ /projeler/NEXUS/NEXUSStudyPad/.build/PhysicaliPad/ModuleCache.noindex/PencilKit-EX5YUAME6I47RAT7MJNEAJF2V.pcm

SwiftExplicitDependencyGeneratePcm arm64 /Users/mecid/Desktop/OKUL\ /projeler/NEXUS/NEXUSStudyPad/.build/PhysicaliPad/ModuleCache.noindex/PDFKit-3SAPM3Z664HY2UNIR1SJQWAAV.pcm

SwiftExplicitDependencyGeneratePcm arm64 /Users/mecid/Desktop/OKUL\ /projeler/NEXUS/NEXUSStudyPad/.build/PhysicaliPad/ModuleCache.noindex/MetalKit-PB2056UIL3R7AHL97XA5HEE6.pcm

SwiftCompile normal arm64 Compiling\ DocumentImportService.swift,\ StudyPadTransferService.swift /Users/mecid/Desktop/OKUL\ /projeler/NEXUS/NEXUSStudyPad/NEXUSStudyPad/Services/DocumentImportService.swift /Users/mecid/Desktop/OKUL\ /projeler/NEXUS/NEXUSStudyPad/NEXUSStudyPad/Services/StudyPadTransferService.swift (in target 'NEXUSStudyPad' from project 'NEXUSStudyPad')
SwiftCompile normal arm64 /Users/mecid/Desktop/OKUL\ /projeler/NEXUS/NEXUSStudyPad/NEXUSStudyPad/Services/DocumentImportService.swift (in target 'NEXUSStudyPad' from project 'NEXUSStudyPad')
    cd /Users/mecid/Desktop/OKUL\ /projeler/NEXUS/NEXUSStudyPad
    

SwiftCompile normal arm64 /Users/mecid/Desktop/OKUL\ /projeler/NEXUS/NEXUSStudyPad/NEXUSStudyPad/Services/StudyPadTransferService.swift (in target 'NEXUSStudyPad' from project 'NEXUSStudyPad')
    cd /Users/mecid/Desktop/OKUL\ /projeler/NEXUS/NEXUSStudyPad
    

SwiftCompile normal arm64 Compiling\ TransferView.swift,\ StudyModels.swift /Users/mecid/Desktop/OKUL\ /projeler/NEXUS/NEXUSStudyPad/NEXUSStudyPad/Features/Transfer/TransferView.swift /Users/mecid/Desktop/OKUL\ /projeler/NEXUS/NEXUSStudyPad/NEXUSStudyPad/Models/StudyModels.swift (in target 'NEXUSStudyPad' from project 'NEXUSStudyPad')
SwiftCompile normal arm64 /Users/mecid/Desktop/OKUL\ /projeler/NEXUS/NEXUSStudyPad/NEXUSStudyPad/Features/Transfer/TransferView.swift (in target 'NEXUSStudyPad' from project 'NEXUSStudyPad')
    cd /Users/mecid/Desktop/OKUL\ /projeler/NEXUS/NEXUSStudyPad
    

SwiftCompile normal arm64 /Users/mecid/Desktop/OKUL\ /projeler/NEXUS/NEXUSStudyPad/NEXUSStudyPad/Models/StudyModels.swift (in target 'NEXUSStudyPad' from project 'NEXUSStudyPad')
    cd /Users/mecid/Desktop/OKUL\ /projeler/NEXUS/NEXUSStudyPad
    

SwiftCompile normal arm64 Compiling\ NoteViews.swift,\ TaskViews.swift /Users/mecid/Desktop/OKUL\ /projeler/NEXUS/NEXUSStudyPad/NEXUSStudyPad/Features/Notes/NoteViews.swift /Users/mecid/Desktop/OKUL\ /projeler/NEXUS/NEXUSStudyPad/NEXUSStudyPad/Features/Tasks/TaskViews.swift (in target 'NEXUSStudyPad' from project 'NEXUSStudyPad')

SwiftCompile normal arm64 /Users/mecid/Desktop/OKUL\ /projeler/NEXUS/NEXUSStudyPad/NEXUSStudyPad/Features/Notes/NoteViews.swift (in target 'NEXUSStudyPad' from project 'NEXUSStudyPad')
    cd /Users/mecid/Desktop/OKUL\ /projeler/NEXUS/NEXUSStudyPad
    

SwiftCompile normal arm64 /Users/mecid/Desktop/OKUL\ /projeler/NEXUS/NEXUSStudyPad/NEXUSStudyPad/Features/Tasks/TaskViews.swift (in target 'NEXUSStudyPad' from project 'NEXUSStudyPad')
    cd /Users/mecid/Desktop/OKUL\ /projeler/NEXUS/NEXUSStudyPad
    

SwiftCompile normal arm64 Compiling\ GeneratedAssetSymbols.swift /Users/mecid/Desktop/OKUL\ /projeler/NEXUS/NEXUSStudyPad/.build/PhysicaliPad/Build/Intermediates.noindex/NEXUSStudyPad.build/Debug-iphoneos/NEXUSStudyPad.build/DerivedSources/GeneratedAssetSymbols.swift (in target 'NEXUSStudyPad' from project 'NEXUSStudyPad')

SwiftCompile normal arm64 /Users/mecid/Desktop/OKUL\ /projeler/NEXUS/NEXUSStudyPad/.build/PhysicaliPad/Build/Intermediates.noindex/NEXUSStudyPad.build/Debug-iphoneos/NEXUSStudyPad.build/DerivedSources/GeneratedAssetSymbols.swift (in target 'NEXUSStudyPad' from project 'NEXUSStudyPad')
    cd /Users/mecid/Desktop/OKUL\ /projeler/NEXUS/NEXUSStudyPad
    

SwiftCompile normal arm64 Compiling\ HomeViewModel.swift,\ LectureViews.swift /Users/mecid/Desktop/OKUL\ /projeler/NEXUS/NEXUSStudyPad/NEXUSStudyPad/Features/Home/HomeViewModel.swift /Users/mecid/Desktop/OKUL\ /projeler/NEXUS/NEXUSStudyPad/NEXUSStudyPad/Features/Lectures/LectureViews.swift (in target 'NEXUSStudyPad' from project 'NEXUSStudyPad')

SwiftCompile normal arm64 /Users/mecid/Desktop/OKUL\ /projeler/NEXUS/NEXUSStudyPad/NEXUSStudyPad/Features/Home/HomeViewModel.swift (in target 'NEXUSStudyPad' from project 'NEXUSStudyPad')
    cd /Users/mecid/Desktop/OKUL\ /projeler/NEXUS/NEXUSStudyPad
    

SwiftCompile normal arm64 /Users/mecid/Desktop/OKUL\ /projeler/NEXUS/NEXUSStudyPad/NEXUSStudyPad/Features/Lectures/LectureViews.swift (in target 'NEXUSStudyPad' from project 'NEXUSStudyPad')
    cd /Users/mecid/Desktop/OKUL\ /projeler/NEXUS/NEXUSStudyPad
    

SwiftEmitModule normal arm64 Emitting\ module\ for\ NEXUSStudyPad (in target 'NEXUSStudyPad' from project 'NEXUSStudyPad')

EmitSwiftModule normal arm64 (in target 'NEXUSStudyPad' from project 'NEXUSStudyPad')
    cd /Users/mecid/Desktop/OKUL\ /projeler/NEXUS/NEXUSStudyPad
    

SwiftCompile normal arm64 Compiling\ CourseViews.swift,\ DocumentViews.swift /Users/mecid/Desktop/OKUL\ /projeler/NEXUS/NEXUSStudyPad/NEXUSStudyPad/Features/Courses/CourseViews.swift /Users/mecid/Desktop/OKUL\ /projeler/NEXUS/NEXUSStudyPad/NEXUSStudyPad/Features/Documents/DocumentViews.swift (in target 'NEXUSStudyPad' from project 'NEXUSStudyPad')
SwiftCompile normal arm64 /Users/mecid/Desktop/OKUL\ /projeler/NEXUS/NEXUSStudyPad/NEXUSStudyPad/Features/Courses/CourseViews.swift (in target 'NEXUSStudyPad' from project 'NEXUSStudyPad')
    cd /Users/mecid/Desktop/OKUL\ /projeler/NEXUS/NEXUSStudyPad
    

SwiftCompile normal arm64 /Users/mecid/Desktop/OKUL\ /projeler/NEXUS/NEXUSStudyPad/NEXUSStudyPad/Features/Documents/DocumentViews.swift (in target 'NEXUSStudyPad' from project 'NEXUSStudyPad')
    cd /Users/mecid/Desktop/OKUL\ /projeler/NEXUS/NEXUSStudyPad
    

SwiftCompile normal arm64 Compiling\ NEXUSStudyPadApp.swift,\ RootView.swift /Users/mecid/Desktop/OKUL\ /projeler/NEXUS/NEXUSStudyPad/NEXUSStudyPad/App/NEXUSStudyPadApp.swift /Users/mecid/Desktop/OKUL\ /projeler/NEXUS/NEXUSStudyPad/NEXUSStudyPad/App/RootView.swift (in target 'NEXUSStudyPad' from project 'NEXUSStudyPad')

SwiftCompile normal arm64 /Users/mecid/Desktop/OKUL\ /projeler/NEXUS/NEXUSStudyPad/NEXUSStudyPad/App/NEXUSStudyPadApp.swift (in target 'NEXUSStudyPad' from project 'NEXUSStudyPad')
    cd /Users/mecid/Desktop/OKUL\ /projeler/NEXUS/NEXUSStudyPad
    

SwiftCompile normal arm64 /Users/mecid/Desktop/OKUL\ /projeler/NEXUS/NEXUSStudyPad/NEXUSStudyPad/App/RootView.swift (in target 'NEXUSStudyPad' from project 'NEXUSStudyPad')
    cd /Users/mecid/Desktop/OKUL\ /projeler/NEXUS/NEXUSStudyPad
    

SwiftCompile normal arm64 Compiling\ AppRoute.swift,\ PadDesignSystem.swift /Users/mecid/Desktop/OKUL\ /projeler/NEXUS/NEXUSStudyPad/NEXUSStudyPad/Core/AppRoute.swift /Users/mecid/Desktop/OKUL\ /projeler/NEXUS/NEXUSStudyPad/NEXUSStudyPad/DesignSystem/PadDesignSystem.swift (in target 'NEXUSStudyPad' from project 'NEXUSStudyPad')

SwiftCompile normal arm64 /Users/mecid/Desktop/OKUL\ /projeler/NEXUS/NEXUSStudyPad/NEXUSStudyPad/Core/AppRoute.swift (in target 'NEXUSStudyPad' from project 'NEXUSStudyPad')
    cd /Users/mecid/Desktop/OKUL\ /projeler/NEXUS/NEXUSStudyPad
    

SwiftCompile normal arm64 /Users/mecid/Desktop/OKUL\ /projeler/NEXUS/NEXUSStudyPad/NEXUSStudyPad/DesignSystem/PadDesignSystem.swift (in target 'NEXUSStudyPad' from project 'NEXUSStudyPad')
    cd /Users/mecid/Desktop/OKUL\ /projeler/NEXUS/NEXUSStudyPad
    

SwiftCompile normal arm64 Compiling\ PencilCanvasView.swift,\ TerminalStates.swift /Users/mecid/Desktop/OKUL\ /projeler/NEXUS/NEXUSStudyPad/NEXUSStudyPad/Components/PencilCanvasView.swift /Users/mecid/Desktop/OKUL\ /projeler/NEXUS/NEXUSStudyPad/NEXUSStudyPad/Components/TerminalStates.swift (in target 'NEXUSStudyPad' from project 'NEXUSStudyPad')

SwiftCompile normal arm64 /Users/mecid/Desktop/OKUL\ /projeler/NEXUS/NEXUSStudyPad/NEXUSStudyPad/Components/PencilCanvasView.swift (in target 'NEXUSStudyPad' from project 'NEXUSStudyPad')
    cd /Users/mecid/Desktop/OKUL\ /projeler/NEXUS/NEXUSStudyPad
    

SwiftCompile normal arm64 /Users/mecid/Desktop/OKUL\ /projeler/NEXUS/NEXUSStudyPad/NEXUSStudyPad/Components/TerminalStates.swift (in target 'NEXUSStudyPad' from project 'NEXUSStudyPad')
    cd /Users/mecid/Desktop/OKUL\ /projeler/NEXUS/NEXUSStudyPad
    

SwiftCompile normal arm64 Compiling\ PDFKitViews.swift,\ HomeView.swift /Users/mecid/Desktop/OKUL\ /projeler/NEXUS/NEXUSStudyPad/NEXUSStudyPad/Features/Documents/PDFKitViews.swift /Users/mecid/Desktop/OKUL\ /projeler/NEXUS/NEXUSStudyPad/NEXUSStudyPad/Features/Home/HomeView.swift (in target 'NEXUSStudyPad' from project 'NEXUSStudyPad')

SwiftCompile normal arm64 /Users/mecid/Desktop/OKUL\ /projeler/NEXUS/NEXUSStudyPad/NEXUSStudyPad/Features/Documents/PDFKitViews.swift (in target 'NEXUSStudyPad' from project 'NEXUSStudyPad')
    cd /Users/mecid/Desktop/OKUL\ /projeler/NEXUS/NEXUSStudyPad
    

SwiftCompile normal arm64 /Users/mecid/Desktop/OKUL\ /projeler/NEXUS/NEXUSStudyPad/NEXUSStudyPad/Features/Home/HomeView.swift (in target 'NEXUSStudyPad' from project 'NEXUSStudyPad')
    cd /Users/mecid/Desktop/OKUL\ /projeler/NEXUS/NEXUSStudyPad
    

LinkAssetCatalog /Users/mecid/Desktop/OKUL\ /projeler/NEXUS/NEXUSStudyPad/NEXUSStudyPad/Resources/Assets.xcassets (in target 'NEXUSStudyPad' from project 'NEXUSStudyPad')
    cd /Users/mecid/Desktop/OKUL\ /projeler/NEXUS/NEXUSStudyPad
    builtin-linkAssetCatalog --thinned /Users/mecid/Desktop/OKUL\ /projeler/NEXUS/NEXUSStudyPad/.build/PhysicaliPad/Build/Intermediates.noindex/NEXUSStudyPad.build/Debug-iphoneos/NEXUSStudyPad.build/assetcatalog_output/thinned --thinned-dependencies /Users/mecid/Desktop/OKUL\ /projeler/NEXUS/NEXUSStudyPad/.build/PhysicaliPad/Build/Intermediates.noindex/NEXUSStudyPad.build/Debug-iphoneos/NEXUSStudyPad.build/assetcatalog_dependencies_thinned --thinned-info-plist-content /Users/mecid/Desktop/OKUL\ /projeler/NEXUS/NEXUSStudyPad/.build/PhysicaliPad/Build/Intermediates.noindex/NEXUSStudyPad.build/Debug-iphoneos/NEXUSStudyPad.build/assetcatalog_generated_info.plist_thinned --unthinned /Users/mecid/Desktop/OKUL\ /projeler/NEXUS/NEXUSStudyPad/.build/PhysicaliPad/Build/Intermediates.noindex/NEXUSStudyPad.build/Debug-iphoneos/NEXUSStudyPad.build/assetcatalog_output/unthinned --unthinned-dependencies /Users/mecid/Desktop/OKUL\ /projeler/NEXUS/NEXUSStudyPad/.build/PhysicaliPad/Build/Intermediates.noindex/NEXUSStudyPad.build/Debug-iphoneos/NEXUSStudyPad.build/assetcatalog_dependencies_unthinned --unthinned-info-plist-content /Users/mecid/Desktop/OKUL\ /projeler/NEXUS/NEXUSStudyPad/.build/PhysicaliPad/Build/Intermediates.noindex/NEXUSStudyPad.build/Debug-iphoneos/NEXUSStudyPad.build/assetcatalog_generated_info.plist_unthinned --output /Users/mecid/Desktop/OKUL\ /projeler/NEXUS/NEXUSStudyPad/.build/PhysicaliPad/Build/Products/Debug-iphoneos/NEXUSStudyPad.app --plist-output /Users/mecid/Desktop/OKUL\ /projeler/NEXUS/NEXUSStudyPad/.build/PhysicaliPad/Build/Intermediates.noindex/NEXUSStudyPad.build/Debug-iphoneos/NEXUSStudyPad.build/assetcatalog_generated_info.plist
note: Emplaced /Users/mecid/Desktop/OKUL /projeler/NEXUS/NEXUSStudyPad/.build/PhysicaliPad/Build/Products/Debug-iphoneos/NEXUSStudyPad.app/AppIcon60x60@2x.png (in target 'NEXUSStudyPad' from project 'NEXUSStudyPad')
note: Emplaced /Users/mecid/Desktop/OKUL /projeler/NEXUS/NEXUSStudyPad/.build/PhysicaliPad/Build/Products/Debug-iphoneos/NEXUSStudyPad.app/Assets.car (in target 'NEXUSStudyPad' from project 'NEXUSStudyPad')
note: Emplaced /Users/mecid/Desktop/OKUL /projeler/NEXUS/NEXUSStudyPad/.build/PhysicaliPad/Build/Products/Debug-iphoneos/NEXUSStudyPad.app/AppIcon76x76@2x~ipad.png (in target 'NEXUSStudyPad' from project 'NEXUSStudyPad')

SwiftDriverJobDiscovery normal arm64 Emitting module for NEXUSStudyPad (in target 'NEXUSStudyPad' from project 'NEXUSStudyPad')

SwiftCompile normal arm64 Compiling\ PersistenceController.swift,\ AudioRecordingService.swift /Users/mecid/Desktop/OKUL\ /projeler/NEXUS/NEXUSStudyPad/NEXUSStudyPad/Persistence/PersistenceController.swift /Users/mecid/Desktop/OKUL\ /projeler/NEXUS/NEXUSStudyPad/NEXUSStudyPad/Services/AudioRecordingService.swift (in target 'NEXUSStudyPad' from project 'NEXUSStudyPad')

SwiftCompile normal arm64 /Users/mecid/Desktop/OKUL\ /projeler/NEXUS/NEXUSStudyPad/NEXUSStudyPad/Persistence/PersistenceController.swift (in target 'NEXUSStudyPad' from project 'NEXUSStudyPad')
    cd /Users/mecid/Desktop/OKUL\ /projeler/NEXUS/NEXUSStudyPad
    

SwiftCompile normal arm64 /Users/mecid/Desktop/OKUL\ /projeler/NEXUS/NEXUSStudyPad/NEXUSStudyPad/Services/AudioRecordingService.swift (in target 'NEXUSStudyPad' from project 'NEXUSStudyPad')
    cd /Users/mecid/Desktop/OKUL\ /projeler/NEXUS/NEXUSStudyPad
    

SwiftDriver\ Compilation\ Requirements NEXUSStudyPad normal arm64 com.apple.xcode.tools.swift.compiler (in target 'NEXUSStudyPad' from project 'NEXUSStudyPad')
    cd /Users/mecid/Desktop/OKUL\ /projeler/NEXUS/NEXUSStudyPad
    builtin-Swift-Compilation-Requirements -- /Applications/Xcode.app/Contents/Developer/Toolchains/XcodeDefault.xctoolchain/usr/bin/swiftc -module-name NEXUSStudyPad -Onone @/Users/mecid/Desktop/OKUL\ /projeler/NEXUS/NEXUSStudyPad/.build/PhysicaliPad/Build/Intermediates.noindex/NEXUSStudyPad.build/Debug-iphoneos/NEXUSStudyPad.build/Objects-normal/arm64/NEXUSStudyPad.SwiftFileList -DDEBUG -strict-concurrency\=targeted -enable-bare-slash-regex -enable-experimental-feature DebugDescriptionMacro -sdk /Applications/Xcode.app/Contents/Developer/Platforms/iPhoneOS.platform/Developer/SDKs/iPhoneOS26.5.sdk -target arm64-apple-ios17.0 -g -module-cache-path /Users/mecid/Desktop/OKUL\ /projeler/NEXUS/NEXUSStudyPad/.build/PhysicaliPad/ModuleCache.noindex -Xfrontend -serialize-debugging-options -enable-testing -index-store-path /Users/mecid/Desktop/OKUL\ /projeler/NEXUS/NEXUSStudyPad/.build/PhysicaliPad/Index.noindex/DataStore -swift-version 5 -I /Users/mecid/Desktop/OKUL\ /projeler/NEXUS/NEXUSStudyPad/.build/PhysicaliPad/Build/Products/Debug-iphoneos -F /Users/mecid/Desktop/OKUL\ /projeler/NEXUS/NEXUSStudyPad/.build/PhysicaliPad/Build/Products/Debug-iphoneos -emit-localized-strings -emit-localized-strings-path /Users/mecid/Desktop/OKUL\ /projeler/NEXUS/NEXUSStudyPad/.build/PhysicaliPad/Build/Intermediates.noindex/NEXUSStudyPad.build/Debug-iphoneos/NEXUSStudyPad.build/Objects-normal/arm64 -c -j11 -enable-batch-mode -incremental -Xcc -ivfsstatcache -Xcc /Users/mecid/Desktop/OKUL\ /projeler/NEXUS/NEXUSStudyPad/.build/PhysicaliPad/SDKStatCaches.noindex/iphoneos26.5-23F81a-32daed1954a7d5dd0789fcaf2a9bb78b.sdkstatcache -output-file-map /Users/mecid/Desktop/OKUL\ /projeler/NEXUS/NEXUSStudyPad/.build/PhysicaliPad/Build/Intermediates.noindex/NEXUSStudyPad.build/Debug-iphoneos/NEXUSStudyPad.build/Objects-normal/arm64/NEXUSStudyPad-OutputFileMap.json -use-frontend-parseable-output -save-temps -no-color-diagnostics -explicit-module-build -module-cache-path /Users/mecid/Desktop/OKUL\ /projeler/NEXUS/NEXUSStudyPad/.build/PhysicaliPad/Build/Intermediates.noindex/SwiftExplicitPrecompiledModules -clang-scanner-module-cache-path /Users/mecid/Desktop/OKUL\ /projeler/NEXUS/NEXUSStudyPad/.build/PhysicaliPad/ModuleCache.noindex -sdk-module-cache-path /Users/mecid/Desktop/OKUL\ /projeler/NEXUS/NEXUSStudyPad/.build/PhysicaliPad/ModuleCache.noindex -serialize-diagnostics -emit-dependencies -emit-module -emit-module-path /Users/mecid/Desktop/OKUL\ /projeler/NEXUS/NEXUSStudyPad/.build/PhysicaliPad/Build/Intermediates.noindex/NEXUSStudyPad.build/Debug-iphoneos/NEXUSStudyPad.build/Objects-normal/arm64/NEXUSStudyPad.swiftmodule -validate-clang-modules-once -clang-build-session-file /Users/mecid/Desktop/OKUL\ /projeler/NEXUS/NEXUSStudyPad/.build/PhysicaliPad/ModuleCache.noindex/Session.modulevalidation -Xcc -I/Users/mecid/Desktop/OKUL\ /projeler/NEXUS/NEXUSStudyPad/.build/PhysicaliPad/Build/Intermediates.noindex/NEXUSStudyPad.build/Debug-iphoneos/NEXUSStudyPad.build/swift-overrides.hmap -emit-const-values -Xfrontend -const-gather-protocols-file -Xfrontend /Users/mecid/Desktop/OKUL\ /projeler/NEXUS/NEXUSStudyPad/.build/PhysicaliPad/Build/Intermediates.noindex/NEXUSStudyPad.build/Debug-iphoneos/NEXUSStudyPad.build/Objects-normal/arm64/NEXUSStudyPad_const_extract_protocols.json -Xcc -iquote -Xcc /Users/mecid/Desktop/OKUL\ /projeler/NEXUS/NEXUSStudyPad/.build/PhysicaliPad/Build/Intermediates.noindex/NEXUSStudyPad.build/Debug-iphoneos/NEXUSStudyPad.build/NEXUSStudyPad-generated-files.hmap -Xcc -I/Users/mecid/Desktop/OKUL\ /projeler/NEXUS/NEXUSStudyPad/.build/PhysicaliPad/Build/Intermediates.noindex/NEXUSStudyPad.build/Debug-iphoneos/NEXUSStudyPad.build/NEXUSStudyPad-own-target-headers.hmap -Xcc -I/Users/mecid/Desktop/OKUL\ /projeler/NEXUS/NEXUSStudyPad/.build/PhysicaliPad/Build/Intermediates.noindex/NEXUSStudyPad.build/Debug-iphoneos/NEXUSStudyPad.build/NEXUSStudyPad-all-target-headers.hmap -Xcc -iquote -Xcc /Users/mecid/Desktop/OKUL\ /projeler/NEXUS/NEXUSStudyPad/.build/PhysicaliPad/Build/Intermediates.noindex/NEXUSStudyPad.build/Debug-iphoneos/NEXUSStudyPad.build/NEXUSStudyPad-project-headers.hmap -Xcc -I/Users/mecid/Desktop/OKUL\ /projeler/NEXUS/NEXUSStudyPad/.build/PhysicaliPad/Build/Products/Debug-iphoneos/include -Xcc -I/Users/mecid/Desktop/OKUL\ /projeler/NEXUS/NEXUSStudyPad/.build/PhysicaliPad/Build/Intermediates.noindex/NEXUSStudyPad.build/Debug-iphoneos/NEXUSStudyPad.build/DerivedSources-normal/arm64 -Xcc -I/Users/mecid/Desktop/OKUL\ /projeler/NEXUS/NEXUSStudyPad/.build/PhysicaliPad/Build/Intermediates.noindex/NEXUSStudyPad.build/Debug-iphoneos/NEXUSStudyPad.build/DerivedSources/arm64 -Xcc -I/Users/mecid/Desktop/OKUL\ /projeler/NEXUS/NEXUSStudyPad/.build/PhysicaliPad/Build/Intermediates.noindex/NEXUSStudyPad.build/Debug-iphoneos/NEXUSStudyPad.build/DerivedSources -emit-objc-header -emit-objc-header-path /Users/mecid/Desktop/OKUL\ /projeler/NEXUS/NEXUSStudyPad/.build/PhysicaliPad/Build/Intermediates.noindex/NEXUSStudyPad.build/Debug-iphoneos/NEXUSStudyPad.build/Objects-normal/arm64/NEXUSStudyPad-Swift.h -working-directory /Users/mecid/Desktop/OKUL\ /projeler/NEXUS/NEXUSStudyPad -experimental-emit-module-separately -disable-cmo

SwiftDriverJobDiscovery normal arm64 Compiling GeneratedAssetSymbols.swift (in target 'NEXUSStudyPad' from project 'NEXUSStudyPad')

ProcessInfoPlistFile /Users/mecid/Desktop/OKUL\ /projeler/NEXUS/NEXUSStudyPad/.build/PhysicaliPad/Build/Products/Debug-iphoneos/NEXUSStudyPad.app/Info.plist /Users/mecid/Desktop/OKUL\ /projeler/NEXUS/NEXUSStudyPad/.build/PhysicaliPad/Build/Intermediates.noindex/NEXUSStudyPad.build/Debug-iphoneos/NEXUSStudyPad.build/empty-NEXUSStudyPad.plist (in target 'NEXUSStudyPad' from project 'NEXUSStudyPad')
    cd /Users/mecid/Desktop/OKUL\ /projeler/NEXUS/NEXUSStudyPad
    builtin-infoPlistUtility /Users/mecid/Desktop/OKUL\ /projeler/NEXUS/NEXUSStudyPad/.build/PhysicaliPad/Build/Intermediates.noindex/NEXUSStudyPad.build/Debug-iphoneos/NEXUSStudyPad.build/empty-NEXUSStudyPad.plist -producttype com.apple.product-type.application -genpkginfo /Users/mecid/Desktop/OKUL\ /projeler/NEXUS/NEXUSStudyPad/.build/PhysicaliPad/Build/Products/Debug-iphoneos/NEXUSStudyPad.app/PkgInfo -expandbuildsettings -format binary -platform iphoneos -additionalcontentfile /Users/mecid/Desktop/OKUL\ /projeler/NEXUS/NEXUSStudyPad/.build/PhysicaliPad/Build/Intermediates.noindex/NEXUSStudyPad.build/Debug-iphoneos/NEXUSStudyPad.build/assetcatalog_generated_info.plist -requiredArchitecture arm64 -o /Users/mecid/Desktop/OKUL\ /projeler/NEXUS/NEXUSStudyPad/.build/PhysicaliPad/Build/Products/Debug-iphoneos/NEXUSStudyPad.app/Info.plist

SwiftMergeGeneratedHeaders /Users/mecid/Desktop/OKUL\ /projeler/NEXUS/NEXUSStudyPad/.build/PhysicaliPad/Build/Intermediates.noindex/NEXUSStudyPad.build/Debug-iphoneos/NEXUSStudyPad.build/DerivedSources/NEXUSStudyPad-Swift.h /Users/mecid/Desktop/OKUL\ /projeler/NEXUS/NEXUSStudyPad/.build/PhysicaliPad/Build/Intermediates.noindex/NEXUSStudyPad.build/Debug-iphoneos/NEXUSStudyPad.build/Objects-normal/arm64/NEXUSStudyPad-Swift.h (in target 'NEXUSStudyPad' from project 'NEXUSStudyPad')
    cd /Users/mecid/Desktop/OKUL\ /projeler/NEXUS/NEXUSStudyPad
    builtin-swiftHeaderTool -arch arm64 /Users/mecid/Desktop/OKUL\ /projeler/NEXUS/NEXUSStudyPad/.build/PhysicaliPad/Build/Intermediates.noindex/NEXUSStudyPad.build/Debug-iphoneos/NEXUSStudyPad.build/Objects-normal/arm64/NEXUSStudyPad-Swift.h -o /Users/mecid/Desktop/OKUL\ /projeler/NEXUS/NEXUSStudyPad/.build/PhysicaliPad/Build/Intermediates.noindex/NEXUSStudyPad.build/Debug-iphoneos/NEXUSStudyPad.build/DerivedSources/NEXUSStudyPad-Swift.h

Copy /Users/mecid/Desktop/OKUL\ /projeler/NEXUS/NEXUSStudyPad/.build/PhysicaliPad/Build/Products/Debug-iphoneos/NEXUSStudyPad.swiftmodule/arm64-apple-ios.swiftmodule /Users/mecid/Desktop/OKUL\ /projeler/NEXUS/NEXUSStudyPad/.build/PhysicaliPad/Build/Intermediates.noindex/NEXUSStudyPad.build/Debug-iphoneos/NEXUSStudyPad.build/Objects-normal/arm64/NEXUSStudyPad.swiftmodule (in target 'NEXUSStudyPad' from project 'NEXUSStudyPad')
    cd /Users/mecid/Desktop/OKUL\ /projeler/NEXUS/NEXUSStudyPad
    builtin-copy -exclude .DS_Store -exclude CVS -exclude .svn -exclude .git -exclude .hg -resolve-src-symlinks -rename /Users/mecid/Desktop/OKUL\ /projeler/NEXUS/NEXUSStudyPad/.build/PhysicaliPad/Build/Intermediates.noindex/NEXUSStudyPad.build/Debug-iphoneos/NEXUSStudyPad.build/Objects-normal/arm64/NEXUSStudyPad.swiftmodule /Users/mecid/Desktop/OKUL\ /projeler/NEXUS/NEXUSStudyPad/.build/PhysicaliPad/Build/Products/Debug-iphoneos/NEXUSStudyPad.swiftmodule/arm64-apple-ios.swiftmodule

Copy /Users/mecid/Desktop/OKUL\ /projeler/NEXUS/NEXUSStudyPad/.build/PhysicaliPad/Build/Products/Debug-iphoneos/NEXUSStudyPad.swiftmodule/arm64-apple-ios.swiftdoc /Users/mecid/Desktop/OKUL\ /projeler/NEXUS/NEXUSStudyPad/.build/PhysicaliPad/Build/Intermediates.noindex/NEXUSStudyPad.build/Debug-iphoneos/NEXUSStudyPad.build/Objects-normal/arm64/NEXUSStudyPad.swiftdoc (in target 'NEXUSStudyPad' from project 'NEXUSStudyPad')
    cd /Users/mecid/Desktop/OKUL\ /projeler/NEXUS/NEXUSStudyPad
    builtin-copy -exclude .DS_Store -exclude CVS -exclude .svn -exclude .git -exclude .hg -resolve-src-symlinks -rename /Users/mecid/Desktop/OKUL\ /projeler/NEXUS/NEXUSStudyPad/.build/PhysicaliPad/Build/Intermediates.noindex/NEXUSStudyPad.build/Debug-iphoneos/NEXUSStudyPad.build/Objects-normal/arm64/NEXUSStudyPad.swiftdoc /Users/mecid/Desktop/OKUL\ /projeler/NEXUS/NEXUSStudyPad/.build/PhysicaliPad/Build/Products/Debug-iphoneos/NEXUSStudyPad.swiftmodule/arm64-apple-ios.swiftdoc

Copy /Users/mecid/Desktop/OKUL\ /projeler/NEXUS/NEXUSStudyPad/.build/PhysicaliPad/Build/Products/Debug-iphoneos/NEXUSStudyPad.swiftmodule/arm64-apple-ios.abi.json /Users/mecid/Desktop/OKUL\ /projeler/NEXUS/NEXUSStudyPad/.build/PhysicaliPad/Build/Intermediates.noindex/NEXUSStudyPad.build/Debug-iphoneos/NEXUSStudyPad.build/Objects-normal/arm64/NEXUSStudyPad.abi.json (in target 'NEXUSStudyPad' from project 'NEXUSStudyPad')
    cd /Users/mecid/Desktop/OKUL\ /projeler/NEXUS/NEXUSStudyPad
    builtin-copy -exclude .DS_Store -exclude CVS -exclude .svn -exclude .git -exclude .hg -resolve-src-symlinks -rename /Users/mecid/Desktop/OKUL\ /projeler/NEXUS/NEXUSStudyPad/.build/PhysicaliPad/Build/Intermediates.noindex/NEXUSStudyPad.build/Debug-iphoneos/NEXUSStudyPad.build/Objects-normal/arm64/NEXUSStudyPad.abi.json /Users/mecid/Desktop/OKUL\ /projeler/NEXUS/NEXUSStudyPad/.build/PhysicaliPad/Build/Products/Debug-iphoneos/NEXUSStudyPad.swiftmodule/arm64-apple-ios.abi.json

Copy /Users/mecid/Desktop/OKUL\ /projeler/NEXUS/NEXUSStudyPad/.build/PhysicaliPad/Build/Products/Debug-iphoneos/NEXUSStudyPad.swiftmodule/Project/arm64-apple-ios.swiftsourceinfo /Users/mecid/Desktop/OKUL\ /projeler/NEXUS/NEXUSStudyPad/.build/PhysicaliPad/Build/Intermediates.noindex/NEXUSStudyPad.build/Debug-iphoneos/NEXUSStudyPad.build/Objects-normal/arm64/NEXUSStudyPad.swiftsourceinfo (in target 'NEXUSStudyPad' from project 'NEXUSStudyPad')
    cd /Users/mecid/Desktop/OKUL\ /projeler/NEXUS/NEXUSStudyPad
    builtin-copy -exclude .DS_Store -exclude CVS -exclude .svn -exclude .git -exclude .hg -resolve-src-symlinks -rename /Users/mecid/Desktop/OKUL\ /projeler/NEXUS/NEXUSStudyPad/.build/PhysicaliPad/Build/Intermediates.noindex/NEXUSStudyPad.build/Debug-iphoneos/NEXUSStudyPad.build/Objects-normal/arm64/NEXUSStudyPad.swiftsourceinfo /Users/mecid/Desktop/OKUL\ /projeler/NEXUS/NEXUSStudyPad/.build/PhysicaliPad/Build/Products/Debug-iphoneos/NEXUSStudyPad.swiftmodule/Project/arm64-apple-ios.swiftsourceinfo

SwiftDriverJobDiscovery normal arm64 Compiling NEXUSStudyPadApp.swift, RootView.swift (in target 'NEXUSStudyPad' from project 'NEXUSStudyPad')

SwiftDriverJobDiscovery normal arm64 Compiling AppRoute.swift, PadDesignSystem.swift (in target 'NEXUSStudyPad' from project 'NEXUSStudyPad')

SwiftDriverJobDiscovery normal arm64 Compiling PencilCanvasView.swift, TerminalStates.swift (in target 'NEXUSStudyPad' from project 'NEXUSStudyPad')

SwiftDriverJobDiscovery normal arm64 Compiling DocumentImportService.swift, StudyPadTransferService.swift (in target 'NEXUSStudyPad' from project 'NEXUSStudyPad')

SwiftDriverJobDiscovery normal arm64 Compiling NoteViews.swift, TaskViews.swift (in target 'NEXUSStudyPad' from project 'NEXUSStudyPad')

SwiftDriverJobDiscovery normal arm64 Compiling PersistenceController.swift, AudioRecordingService.swift (in target 'NEXUSStudyPad' from project 'NEXUSStudyPad')

SwiftDriverJobDiscovery normal arm64 Compiling HomeViewModel.swift, LectureViews.swift (in target 'NEXUSStudyPad' from project 'NEXUSStudyPad')

SwiftDriverJobDiscovery normal arm64 Compiling TransferView.swift, StudyModels.swift (in target 'NEXUSStudyPad' from project 'NEXUSStudyPad')

SwiftDriverJobDiscovery normal arm64 Compiling PDFKitViews.swift, HomeView.swift (in target 'NEXUSStudyPad' from project 'NEXUSStudyPad')

SwiftDriverJobDiscovery normal arm64 Compiling CourseViews.swift, DocumentViews.swift (in target 'NEXUSStudyPad' from project 'NEXUSStudyPad')

SwiftDriver\ Compilation NEXUSStudyPad normal arm64 com.apple.xcode.tools.swift.compiler (in target 'NEXUSStudyPad' from project 'NEXUSStudyPad')
    cd /Users/mecid/Desktop/OKUL\ /projeler/NEXUS/NEXUSStudyPad
    builtin-Swift-Compilation -- /Applications/Xcode.app/Contents/Developer/Toolchains/XcodeDefault.xctoolchain/usr/bin/swiftc -module-name NEXUSStudyPad -Onone @/Users/mecid/Desktop/OKUL\ /projeler/NEXUS/NEXUSStudyPad/.build/PhysicaliPad/Build/Intermediates.noindex/NEXUSStudyPad.build/Debug-iphoneos/NEXUSStudyPad.build/Objects-normal/arm64/NEXUSStudyPad.SwiftFileList -DDEBUG -strict-concurrency\=targeted -enable-bare-slash-regex -enable-experimental-feature DebugDescriptionMacro -sdk /Applications/Xcode.app/Contents/Developer/Platforms/iPhoneOS.platform/Developer/SDKs/iPhoneOS26.5.sdk -target arm64-apple-ios17.0 -g -module-cache-path /Users/mecid/Desktop/OKUL\ /projeler/NEXUS/NEXUSStudyPad/.build/PhysicaliPad/ModuleCache.noindex -Xfrontend -serialize-debugging-options -enable-testing -index-store-path /Users/mecid/Desktop/OKUL\ /projeler/NEXUS/NEXUSStudyPad/.build/PhysicaliPad/Index.noindex/DataStore -swift-version 5 -I /Users/mecid/Desktop/OKUL\ /projeler/NEXUS/NEXUSStudyPad/.build/PhysicaliPad/Build/Products/Debug-iphoneos -F /Users/mecid/Desktop/OKUL\ /projeler/NEXUS/NEXUSStudyPad/.build/PhysicaliPad/Build/Products/Debug-iphoneos -emit-localized-strings -emit-localized-strings-path /Users/mecid/Desktop/OKUL\ /projeler/NEXUS/NEXUSStudyPad/.build/PhysicaliPad/Build/Intermediates.noindex/NEXUSStudyPad.build/Debug-iphoneos/NEXUSStudyPad.build/Objects-normal/arm64 -c -j11 -enable-batch-mode -incremental -Xcc -ivfsstatcache -Xcc /Users/mecid/Desktop/OKUL\ /projeler/NEXUS/NEXUSStudyPad/.build/PhysicaliPad/SDKStatCaches.noindex/iphoneos26.5-23F81a-32daed1954a7d5dd0789fcaf2a9bb78b.sdkstatcache -output-file-map /Users/mecid/Desktop/OKUL\ /projeler/NEXUS/NEXUSStudyPad/.build/PhysicaliPad/Build/Intermediates.noindex/NEXUSStudyPad.build/Debug-iphoneos/NEXUSStudyPad.build/Objects-normal/arm64/NEXUSStudyPad-OutputFileMap.json -use-frontend-parseable-output -save-temps -no-color-diagnostics -explicit-module-build -module-cache-path /Users/mecid/Desktop/OKUL\ /projeler/NEXUS/NEXUSStudyPad/.build/PhysicaliPad/Build/Intermediates.noindex/SwiftExplicitPrecompiledModules -clang-scanner-module-cache-path /Users/mecid/Desktop/OKUL\ /projeler/NEXUS/NEXUSStudyPad/.build/PhysicaliPad/ModuleCache.noindex -sdk-module-cache-path /Users/mecid/Desktop/OKUL\ /projeler/NEXUS/NEXUSStudyPad/.build/PhysicaliPad/ModuleCache.noindex -serialize-diagnostics -emit-dependencies -emit-module -emit-module-path /Users/mecid/Desktop/OKUL\ /projeler/NEXUS/NEXUSStudyPad/.build/PhysicaliPad/Build/Intermediates.noindex/NEXUSStudyPad.build/Debug-iphoneos/NEXUSStudyPad.build/Objects-normal/arm64/NEXUSStudyPad.swiftmodule -validate-clang-modules-once -clang-build-session-file /Users/mecid/Desktop/OKUL\ /projeler/NEXUS/NEXUSStudyPad/.build/PhysicaliPad/ModuleCache.noindex/Session.modulevalidation -Xcc -I/Users/mecid/Desktop/OKUL\ /projeler/NEXUS/NEXUSStudyPad/.build/PhysicaliPad/Build/Intermediates.noindex/NEXUSStudyPad.build/Debug-iphoneos/NEXUSStudyPad.build/swift-overrides.hmap -emit-const-values -Xfrontend -const-gather-protocols-file -Xfrontend /Users/mecid/Desktop/OKUL\ /projeler/NEXUS/NEXUSStudyPad/.build/PhysicaliPad/Build/Intermediates.noindex/NEXUSStudyPad.build/Debug-iphoneos/NEXUSStudyPad.build/Objects-normal/arm64/NEXUSStudyPad_const_extract_protocols.json -Xcc -iquote -Xcc /Users/mecid/Desktop/OKUL\ /projeler/NEXUS/NEXUSStudyPad/.build/PhysicaliPad/Build/Intermediates.noindex/NEXUSStudyPad.build/Debug-iphoneos/NEXUSStudyPad.build/NEXUSStudyPad-generated-files.hmap -Xcc -I/Users/mecid/Desktop/OKUL\ /projeler/NEXUS/NEXUSStudyPad/.build/PhysicaliPad/Build/Intermediates.noindex/NEXUSStudyPad.build/Debug-iphoneos/NEXUSStudyPad.build/NEXUSStudyPad-own-target-headers.hmap -Xcc -I/Users/mecid/Desktop/OKUL\ /projeler/NEXUS/NEXUSStudyPad/.build/PhysicaliPad/Build/Intermediates.noindex/NEXUSStudyPad.build/Debug-iphoneos/NEXUSStudyPad.build/NEXUSStudyPad-all-target-headers.hmap -Xcc -iquote -Xcc /Users/mecid/Desktop/OKUL\ /projeler/NEXUS/NEXUSStudyPad/.build/PhysicaliPad/Build/Intermediates.noindex/NEXUSStudyPad.build/Debug-iphoneos/NEXUSStudyPad.build/NEXUSStudyPad-project-headers.hmap -Xcc -I/Users/mecid/Desktop/OKUL\ /projeler/NEXUS/NEXUSStudyPad/.build/PhysicaliPad/Build/Products/Debug-iphoneos/include -Xcc -I/Users/mecid/Desktop/OKUL\ /projeler/NEXUS/NEXUSStudyPad/.build/PhysicaliPad/Build/Intermediates.noindex/NEXUSStudyPad.build/Debug-iphoneos/NEXUSStudyPad.build/DerivedSources-normal/arm64 -Xcc -I/Users/mecid/Desktop/OKUL\ /projeler/NEXUS/NEXUSStudyPad/.build/PhysicaliPad/Build/Intermediates.noindex/NEXUSStudyPad.build/Debug-iphoneos/NEXUSStudyPad.build/DerivedSources/arm64 -Xcc -I/Users/mecid/Desktop/OKUL\ /projeler/NEXUS/NEXUSStudyPad/.build/PhysicaliPad/Build/Intermediates.noindex/NEXUSStudyPad.build/Debug-iphoneos/NEXUSStudyPad.build/DerivedSources -emit-objc-header -emit-objc-header-path /Users/mecid/Desktop/OKUL\ /projeler/NEXUS/NEXUSStudyPad/.build/PhysicaliPad/Build/Intermediates.noindex/NEXUSStudyPad.build/Debug-iphoneos/NEXUSStudyPad.build/Objects-normal/arm64/NEXUSStudyPad-Swift.h -working-directory /Users/mecid/Desktop/OKUL\ /projeler/NEXUS/NEXUSStudyPad -experimental-emit-module-separately -disable-cmo

Ld /Users/mecid/Desktop/OKUL\ /projeler/NEXUS/NEXUSStudyPad/.build/PhysicaliPad/Build/Products/Debug-iphoneos/NEXUSStudyPad.app/NEXUSStudyPad.debug.dylib normal (in target 'NEXUSStudyPad' from project 'NEXUSStudyPad')
    cd /Users/mecid/Desktop/OKUL\ /projeler/NEXUS/NEXUSStudyPad
    /Applications/Xcode.app/Contents/Developer/Toolchains/XcodeDefault.xctoolchain/usr/bin/clang -Xlinker -reproducible -target arm64-apple-ios17.0 -dynamiclib -isysroot /Applications/Xcode.app/Contents/Developer/Platforms/iPhoneOS.platform/Developer/SDKs/iPhoneOS26.5.sdk -Os -L/Users/mecid/Desktop/OKUL\ /projeler/NEXUS/NEXUSStudyPad/.build/PhysicaliPad/Build/Intermediates.noindex/EagerLinkingTBDs/Debug-iphoneos -L/Users/mecid/Desktop/OKUL\ /projeler/NEXUS/NEXUSStudyPad/.build/PhysicaliPad/Build/Products/Debug-iphoneos -F/Users/mecid/Desktop/OKUL\ /projeler/NEXUS/NEXUSStudyPad/.build/PhysicaliPad/Build/Intermediates.noindex/EagerLinkingTBDs/Debug-iphoneos -F/Users/mecid/Desktop/OKUL\ /projeler/NEXUS/NEXUSStudyPad/.build/PhysicaliPad/Build/Products/Debug-iphoneos -filelist /Users/mecid/Desktop/OKUL\ /projeler/NEXUS/NEXUSStudyPad/.build/PhysicaliPad/Build/Intermediates.noindex/NEXUSStudyPad.build/Debug-iphoneos/NEXUSStudyPad.build/Objects-normal/arm64/NEXUSStudyPad.LinkFileList -install_name @rpath/NEXUSStudyPad.debug.dylib -Xlinker -rpath -Xlinker /usr/lib/swift -Xlinker -rpath -Xlinker @executable_path/Frameworks -Xlinker -dead_strip -Xlinker -object_path_lto -Xlinker /Users/mecid/Desktop/OKUL\ /projeler/NEXUS/NEXUSStudyPad/.build/PhysicaliPad/Build/Intermediates.noindex/NEXUSStudyPad.build/Debug-iphoneos/NEXUSStudyPad.build/Objects-normal/arm64/NEXUSStudyPad_lto.o -rdynamic -Xlinker -dependency_info -Xlinker /Users/mecid/Desktop/OKUL\ /projeler/NEXUS/NEXUSStudyPad/.build/PhysicaliPad/Build/Intermediates.noindex/NEXUSStudyPad.build/Debug-iphoneos/NEXUSStudyPad.build/Objects-normal/arm64/NEXUSStudyPad_dependency_info.dat -fobjc-link-runtime -L/Applications/Xcode.app/Contents/Developer/Toolchains/XcodeDefault.xctoolchain/usr/lib/swift/iphoneos -L/usr/lib/swift -Xlinker -add_ast_path -Xlinker /Users/mecid/Desktop/OKUL\ /projeler/NEXUS/NEXUSStudyPad/.build/PhysicaliPad/Build/Intermediates.noindex/NEXUSStudyPad.build/Debug-iphoneos/NEXUSStudyPad.build/Objects-normal/arm64/NEXUSStudyPad.swiftmodule @/Users/mecid/Desktop/OKUL\ /projeler/NEXUS/NEXUSStudyPad/.build/PhysicaliPad/Build/Intermediates.noindex/NEXUSStudyPad.build/Debug-iphoneos/NEXUSStudyPad.build/Objects-normal/arm64/NEXUSStudyPad-linker-args.resp -Xlinker -alias -Xlinker _main -Xlinker ___debug_main_executable_dylib_entry_point -Xlinker -no_adhoc_codesign -o /Users/mecid/Desktop/OKUL\ /projeler/NEXUS/NEXUSStudyPad/.build/PhysicaliPad/Build/Products/Debug-iphoneos/NEXUSStudyPad.app/NEXUSStudyPad.debug.dylib

ConstructStubExecutorLinkFileList /Users/mecid/Desktop/OKUL\ /projeler/NEXUS/NEXUSStudyPad/.build/PhysicaliPad/Build/Intermediates.noindex/NEXUSStudyPad.build/Debug-iphoneos/NEXUSStudyPad.build/NEXUSStudyPad-ExecutorLinkFileList-normal-arm64.txt (in target 'NEXUSStudyPad' from project 'NEXUSStudyPad')
    cd /Users/mecid/Desktop/OKUL\ /projeler/NEXUS/NEXUSStudyPad
    construct-stub-executor-link-file-list /Users/mecid/Desktop/OKUL\ /projeler/NEXUS/NEXUSStudyPad/.build/PhysicaliPad/Build/Products/Debug-iphoneos/NEXUSStudyPad.app/NEXUSStudyPad.debug.dylib /Applications/Xcode.app/Contents/Developer/Platforms/iPhoneOS.platform/Developer/usr/lib/libPreviewsJITStubExecutor_no_swift_entry_point.a /Applications/Xcode.app/Contents/Developer/Platforms/iPhoneOS.platform/Developer/usr/lib/libPreviewsJITStubExecutor.a --output /Users/mecid/Desktop/OKUL\ /projeler/NEXUS/NEXUSStudyPad/.build/PhysicaliPad/Build/Intermediates.noindex/NEXUSStudyPad.build/Debug-iphoneos/NEXUSStudyPad.build/NEXUSStudyPad-ExecutorLinkFileList-normal-arm64.txt
note: Using stub executor library with Swift entry point. (in target 'NEXUSStudyPad' from project 'NEXUSStudyPad')

Ld /Users/mecid/Desktop/OKUL\ /projeler/NEXUS/NEXUSStudyPad/.build/PhysicaliPad/Build/Products/Debug-iphoneos/NEXUSStudyPad.app/NEXUSStudyPad normal (in target 'NEXUSStudyPad' from project 'NEXUSStudyPad')
    cd /Users/mecid/Desktop/OKUL\ /projeler/NEXUS/NEXUSStudyPad
    /Applications/Xcode.app/Contents/Developer/Toolchains/XcodeDefault.xctoolchain/usr/bin/clang -Xlinker -reproducible -target arm64-apple-ios17.0 -isysroot /Applications/Xcode.app/Contents/Developer/Platforms/iPhoneOS.platform/Developer/SDKs/iPhoneOS26.5.sdk -Os -L/Users/mecid/Desktop/OKUL\ /projeler/NEXUS/NEXUSStudyPad/.build/PhysicaliPad/Build/Products/Debug-iphoneos -F/Users/mecid/Desktop/OKUL\ /projeler/NEXUS/NEXUSStudyPad/.build/PhysicaliPad/Build/Products/Debug-iphoneos -Xlinker -rpath -Xlinker @executable_path -Xlinker -rpath -Xlinker @executable_path/Frameworks -rdynamic -e ___debug_blank_executor_main -Xlinker -sectcreate -Xlinker __TEXT -Xlinker __debug_dylib -Xlinker /Users/mecid/Desktop/OKUL\ /projeler/NEXUS/NEXUSStudyPad/.build/PhysicaliPad/Build/Intermediates.noindex/NEXUSStudyPad.build/Debug-iphoneos/NEXUSStudyPad.build/NEXUSStudyPad-DebugDylibPath-normal-arm64.txt -Xlinker -sectcreate -Xlinker __TEXT -Xlinker __debug_instlnm -Xlinker /Users/mecid/Desktop/OKUL\ /projeler/NEXUS/NEXUSStudyPad/.build/PhysicaliPad/Build/Intermediates.noindex/NEXUSStudyPad.build/Debug-iphoneos/NEXUSStudyPad.build/NEXUSStudyPad-DebugDylibInstallName-normal-arm64.txt -Xlinker -filelist -Xlinker /Users/mecid/Desktop/OKUL\ /projeler/NEXUS/NEXUSStudyPad/.build/PhysicaliPad/Build/Intermediates.noindex/NEXUSStudyPad.build/Debug-iphoneos/NEXUSStudyPad.build/NEXUSStudyPad-ExecutorLinkFileList-normal-arm64.txt /Users/mecid/Desktop/OKUL\ /projeler/NEXUS/NEXUSStudyPad/.build/PhysicaliPad/Build/Products/Debug-iphoneos/NEXUSStudyPad.app/NEXUSStudyPad.debug.dylib -Xlinker -no_adhoc_codesign -o /Users/mecid/Desktop/OKUL\ /projeler/NEXUS/NEXUSStudyPad/.build/PhysicaliPad/Build/Products/Debug-iphoneos/NEXUSStudyPad.app/NEXUSStudyPad

CopySwiftLibs /Users/mecid/Desktop/OKUL\ /projeler/NEXUS/NEXUSStudyPad/.build/PhysicaliPad/Build/Products/Debug-iphoneos/NEXUSStudyPad.app (in target 'NEXUSStudyPad' from project 'NEXUSStudyPad')
    cd /Users/mecid/Desktop/OKUL\ /projeler/NEXUS/NEXUSStudyPad
    builtin-swiftStdLibTool --copy --verbose --sign 39660FE8F8B85970D6A4407FCCDB5B31D31DC70A --scan-executable /Users/mecid/Desktop/OKUL\ /projeler/NEXUS/NEXUSStudyPad/.build/PhysicaliPad/Build/Products/Debug-iphoneos/NEXUSStudyPad.app/NEXUSStudyPad.debug.dylib --scan-folder /Users/mecid/Desktop/OKUL\ /projeler/NEXUS/NEXUSStudyPad/.build/PhysicaliPad/Build/Products/Debug-iphoneos/NEXUSStudyPad.app/Frameworks --scan-folder /Users/mecid/Desktop/OKUL\ /projeler/NEXUS/NEXUSStudyPad/.build/PhysicaliPad/Build/Products/Debug-iphoneos/NEXUSStudyPad.app/PlugIns --scan-folder /Users/mecid/Desktop/OKUL\ /projeler/NEXUS/NEXUSStudyPad/.build/PhysicaliPad/Build/Products/Debug-iphoneos/NEXUSStudyPad.app/SystemExtensions --scan-folder /Users/mecid/Desktop/OKUL\ /projeler/NEXUS/NEXUSStudyPad/.build/PhysicaliPad/Build/Products/Debug-iphoneos/NEXUSStudyPad.app/Extensions --platform iphoneos --toolchain /Applications/Xcode.app/Contents/Developer/Toolchains/XcodeDefault.xctoolchain --destination /Users/mecid/Desktop/OKUL\ /projeler/NEXUS/NEXUSStudyPad/.build/PhysicaliPad/Build/Products/Debug-iphoneos/NEXUSStudyPad.app/Frameworks --strip-bitcode --strip-bitcode-tool /Applications/Xcode.app/Contents/Developer/Toolchains/XcodeDefault.xctoolchain/usr/bin/bitcode_strip --emit-dependency-info /Users/mecid/Desktop/OKUL\ /projeler/NEXUS/NEXUSStudyPad/.build/PhysicaliPad/Build/Intermediates.noindex/NEXUSStudyPad.build/Debug-iphoneos/NEXUSStudyPad.build/SwiftStdLibToolInputDependencies.dep --filter-for-swift-os

ExtractAppIntentsMetadata (in target 'NEXUSStudyPad' from project 'NEXUSStudyPad')
    cd /Users/mecid/Desktop/OKUL\ /projeler/NEXUS/NEXUSStudyPad
    /Applications/Xcode.app/Contents/Developer/Toolchains/XcodeDefault.xctoolchain/usr/bin/appintentsmetadataprocessor --toolchain-dir /Applications/Xcode.app/Contents/Developer/Toolchains/XcodeDefault.xctoolchain --module-name NEXUSStudyPad --sdk-root /Applications/Xcode.app/Contents/Developer/Platforms/iPhoneOS.platform/Developer/SDKs/iPhoneOS26.5.sdk --xcode-version 17F113 --platform-family iOS --deployment-target 17.0 --bundle-identifier com.nexus.studypad --output /Users/mecid/Desktop/OKUL\ /projeler/NEXUS/NEXUSStudyPad/.build/PhysicaliPad/Build/Products/Debug-iphoneos/NEXUSStudyPad.app --target-triple arm64-apple-ios17.0 --binary-file /Users/mecid/Desktop/OKUL\ /projeler/NEXUS/NEXUSStudyPad/.build/PhysicaliPad/Build/Products/Debug-iphoneos/NEXUSStudyPad.app/NEXUSStudyPad --dependency-file /Users/mecid/Desktop/OKUL\ /projeler/NEXUS/NEXUSStudyPad/.build/PhysicaliPad/Build/Intermediates.noindex/NEXUSStudyPad.build/Debug-iphoneos/NEXUSStudyPad.build/Objects-normal/arm64/NEXUSStudyPad_dependency_info.dat --stringsdata-file /Users/mecid/Desktop/OKUL\ /projeler/NEXUS/NEXUSStudyPad/.build/PhysicaliPad/Build/Intermediates.noindex/NEXUSStudyPad.build/Debug-iphoneos/NEXUSStudyPad.build/Objects-normal/arm64/ExtractedAppShortcutsMetadata.stringsdata --source-file-list /Users/mecid/Desktop/OKUL\ /projeler/NEXUS/NEXUSStudyPad/.build/PhysicaliPad/Build/Intermediates.noindex/NEXUSStudyPad.build/Debug-iphoneos/NEXUSStudyPad.build/Objects-normal/arm64/NEXUSStudyPad.SwiftFileList --metadata-file-list /Users/mecid/Desktop/OKUL\ /projeler/NEXUS/NEXUSStudyPad/.build/PhysicaliPad/Build/Intermediates.noindex/NEXUSStudyPad.build/Debug-iphoneos/NEXUSStudyPad.build/NEXUSStudyPad.DependencyMetadataFileList --static-metadata-file-list /Users/mecid/Desktop/OKUL\ /projeler/NEXUS/NEXUSStudyPad/.build/PhysicaliPad/Build/Intermediates.noindex/NEXUSStudyPad.build/Debug-iphoneos/NEXUSStudyPad.build/NEXUSStudyPad.DependencyStaticMetadataFileList --swift-const-vals-list /Users/mecid/Desktop/OKUL\ /projeler/NEXUS/NEXUSStudyPad/.build/PhysicaliPad/Build/Intermediates.noindex/NEXUSStudyPad.build/Debug-iphoneos/NEXUSStudyPad.build/Objects-normal/arm64/NEXUSStudyPad.SwiftConstValuesFileList --compile-time-extraction --deployment-aware-processing --validate-assistant-intents --no-app-shortcuts-localization
2026-08-30 01:35:28.007 appintentsmetadataprocessor[63876:937656] Starting appintentsmetadataprocessor export
2026-08-30 01:35:28.011 appintentsmetadataprocessor[63876:937656] warning: Metadata extraction skipped. No AppIntents.framework dependency found.

AppIntentsSSUTraining (in target 'NEXUSStudyPad' from project 'NEXUSStudyPad')
    cd /Users/mecid/Desktop/OKUL\ /projeler/NEXUS/NEXUSStudyPad
    /Applications/Xcode.app/Contents/Developer/Toolchains/XcodeDefault.xctoolchain/usr/bin/appintentsnltrainingprocessor --infoplist-path /Users/mecid/Desktop/OKUL\ /projeler/NEXUS/NEXUSStudyPad/.build/PhysicaliPad/Build/Products/Debug-iphoneos/NEXUSStudyPad.app/Info.plist --temp-dir-path /Users/mecid/Desktop/OKUL\ /projeler/NEXUS/NEXUSStudyPad/.build/PhysicaliPad/Build/Intermediates.noindex/NEXUSStudyPad.build/Debug-iphoneos/NEXUSStudyPad.build/ssu --bundle-id com.nexus.studypad --product-path /Users/mecid/Desktop/OKUL\ /projeler/NEXUS/NEXUSStudyPad/.build/PhysicaliPad/Build/Products/Debug-iphoneos/NEXUSStudyPad.app --extracted-metadata-path /Users/mecid/Desktop/OKUL\ /projeler/NEXUS/NEXUSStudyPad/.build/PhysicaliPad/Build/Products/Debug-iphoneos/NEXUSStudyPad.app/Metadata.appintents --metadata-file-list /Users/mecid/Desktop/OKUL\ /projeler/NEXUS/NEXUSStudyPad/.build/PhysicaliPad/Build/Intermediates.noindex/NEXUSStudyPad.build/Debug-iphoneos/NEXUSStudyPad.build/NEXUSStudyPad.DependencyMetadataFileList --source-file /Users/mecid/Desktop/OKUL\ /projeler/NEXUS/NEXUSStudyPad/.build/PhysicaliPad/Build/Products/Debug-iphoneos/NEXUSStudyPad.app/Info.plist --archive-ssu-assets
2026-08-30 01:35:28.028 appintentsnltrainingprocessor[63877:937657] Parsing options for appintentsnltrainingprocessor
2026-08-30 01:35:28.028 appintentsnltrainingprocessor[63877:937657] Starting AppIntents SSU YAML Generation
2026-08-30 01:35:28.029 appintentsnltrainingprocessor[63877:937657] No AppShortcuts found - Skipping.

CodeSign /Users/mecid/Desktop/OKUL\ /projeler/NEXUS/NEXUSStudyPad/.build/PhysicaliPad/Build/Products/Debug-iphoneos/NEXUSStudyPad.app/NEXUSStudyPad.debug.dylib (in target 'NEXUSStudyPad' from project 'NEXUSStudyPad')
    cd /Users/mecid/Desktop/OKUL\ /projeler/NEXUS/NEXUSStudyPad
    
    Signing Identity:     "Apple Development: mecitafifa@icloud.com (X97KTSP9XF)"
    Provisioning Profile: "iOS Team Provisioning Profile: com.nexus.studypad"
                          (c72a4e9f-aac7-480a-817b-a303d2074716)
    
    /usr/bin/codesign --force --sign 39660FE8F8B85970D6A4407FCCDB5B31D31DC70A --timestamp\=none --generate-entitlement-der /Users/mecid/Desktop/OKUL\ /projeler/NEXUS/NEXUSStudyPad/.build/PhysicaliPad/Build/Products/Debug-iphoneos/NEXUSStudyPad.app/NEXUSStudyPad.debug.dylib

CodeSign /Users/mecid/Desktop/OKUL\ /projeler/NEXUS/NEXUSStudyPad/.build/PhysicaliPad/Build/Products/Debug-iphoneos/NEXUSStudyPad.app/__preview.dylib (in target 'NEXUSStudyPad' from project 'NEXUSStudyPad')
    cd /Users/mecid/Desktop/OKUL\ /projeler/NEXUS/NEXUSStudyPad
    
    Signing Identity:     "Apple Development: mecitafifa@icloud.com (X97KTSP9XF)"
    Provisioning Profile: "iOS Team Provisioning Profile: com.nexus.studypad"
                          (c72a4e9f-aac7-480a-817b-a303d2074716)
    
    /usr/bin/codesign --force --sign 39660FE8F8B85970D6A4407FCCDB5B31D31DC70A --timestamp\=none --generate-entitlement-der /Users/mecid/Desktop/OKUL\ /projeler/NEXUS/NEXUSStudyPad/.build/PhysicaliPad/Build/Products/Debug-iphoneos/NEXUSStudyPad.app/__preview.dylib

CodeSign /Users/mecid/Desktop/OKUL\ /projeler/NEXUS/NEXUSStudyPad/.build/PhysicaliPad/Build/Products/Debug-iphoneos/NEXUSStudyPad.app (in target 'NEXUSStudyPad' from project 'NEXUSStudyPad')
    cd /Users/mecid/Desktop/OKUL\ /projeler/NEXUS/NEXUSStudyPad
    
    Signing Identity:     "Apple Development: mecitafifa@icloud.com (X97KTSP9XF)"
    Provisioning Profile: "iOS Team Provisioning Profile: com.nexus.studypad"
                          (c72a4e9f-aac7-480a-817b-a303d2074716)
    
    /usr/bin/codesign --force --sign 39660FE8F8B85970D6A4407FCCDB5B31D31DC70A --entitlements /Users/mecid/Desktop/OKUL\ /projeler/NEXUS/NEXUSStudyPad/.build/PhysicaliPad/Build/Intermediates.noindex/NEXUSStudyPad.build/Debug-iphoneos/NEXUSStudyPad.build/NEXUSStudyPad.app.xcent --timestamp\=none --generate-entitlement-der /Users/mecid/Desktop/OKUL\ /projeler/NEXUS/NEXUSStudyPad/.build/PhysicaliPad/Build/Products/Debug-iphoneos/NEXUSStudyPad.app

RegisterExecutionPolicyException /Users/mecid/Desktop/OKUL\ /projeler/NEXUS/NEXUSStudyPad/.build/PhysicaliPad/Build/Products/Debug-iphoneos/NEXUSStudyPad.app (in target 'NEXUSStudyPad' from project 'NEXUSStudyPad')
    cd /Users/mecid/Desktop/OKUL\ /projeler/NEXUS/NEXUSStudyPad
    builtin-RegisterExecutionPolicyException /Users/mecid/Desktop/OKUL\ /projeler/NEXUS/NEXUSStudyPad/.build/PhysicaliPad/Build/Products/Debug-iphoneos/NEXUSStudyPad.app

Validate /Users/mecid/Desktop/OKUL\ /projeler/NEXUS/NEXUSStudyPad/.build/PhysicaliPad/Build/Products/Debug-iphoneos/NEXUSStudyPad.app (in target 'NEXUSStudyPad' from project 'NEXUSStudyPad')
    cd /Users/mecid/Desktop/OKUL\ /projeler/NEXUS/NEXUSStudyPad
    builtin-validationUtility /Users/mecid/Desktop/OKUL\ /projeler/NEXUS/NEXUSStudyPad/.build/PhysicaliPad/Build/Products/Debug-iphoneos/NEXUSStudyPad.app -shallow-bundle -infoplist-subpath Info.plist

Touch /Users/mecid/Desktop/OKUL\ /projeler/NEXUS/NEXUSStudyPad/.build/PhysicaliPad/Build/Products/Debug-iphoneos/NEXUSStudyPad.app (in target 'NEXUSStudyPad' from project 'NEXUSStudyPad')
    cd /Users/mecid/Desktop/OKUL\ /projeler/NEXUS/NEXUSStudyPad
    /usr/bin/touch -c /Users/mecid/Desktop/OKUL\ /projeler/NEXUS/NEXUSStudyPad/.build/PhysicaliPad/Build/Products/Debug-iphoneos/NEXUSStudyPad.app

** BUILD SUCCEEDED **

